paso 1: NewProject
  toast: Info: Proyecto nuevo
paso 2: Import { path: "G:/TODO/transcriptor-v2/tests/fixtures/media/fixture-vfr.mp4" }
  toast: Info: Proyecto nuevo
paso 3: Insert { asset: 0, at: Some(0.0) }
  toast: Info: Insertado en 00:00:00.000
paso 4: Action { id: "view.fit" }
  toast: Info: Insertado en 00:00:00.000
paso 5: Seek { t: 1.1 }
  toast: Info: Insertado en 00:00:00.000
paso 6: WaitFrame { ms: 5000 }
  toast: Info: Insertado en 00:00:00.000
fotograma presentado: seq 3 (posición 00:00:01.100)
paso 7: SaveFrame { path: "G:/TODO/transcriptor-v2/implementation/evidence/e2/vfr-rotation-20260908-215336/vfr-viewer-1.1.png" }
fotograma del visor (00:00:01.100) guardado en G:/TODO/transcriptor-v2/implementation/evidence/e2/vfr-rotation-20260908-215336/vfr-viewer-1.1.png
  toast: Info: Insertado en 00:00:00.000
paso 8: Seek { t: 2.2 }
  toast: Info: Insertado en 00:00:00.000
paso 9: WaitFrame { ms: 5000 }
  toast: Info: Insertado en 00:00:00.000
fotograma presentado: seq 4 (posición 00:00:02.200)
paso 10: SaveFrame { path: "G:/TODO/transcriptor-v2/implementation/evidence/e2/vfr-rotation-20260908-215336/vfr-viewer-2.2.png" }
fotograma del visor (00:00:02.200) guardado en G:/TODO/transcriptor-v2/implementation/evidence/e2/vfr-rotation-20260908-215336/vfr-viewer-2.2.png
  toast: Info: Insertado en 00:00:00.000
paso 11: Screenshot { path: "G:/TODO/transcriptor-v2/implementation/evidence/e2/vfr-rotation-20260908-215336/vfr.png" }
  toast: Info: Insertado en 00:00:00.000
captura guardada en G:/TODO/transcriptor-v2/implementation/evidence/e2/vfr-rotation-20260908-215336/vfr.png (1920×1080)
paso 12: Export { preset: "h264-720p", dest: "G:/TODO/transcriptor-v2/implementation/evidence/e2/vfr-rotation-20260908-215336/vfr.mp4", range: false, selection: None }
  toast: Info: Exportación añadida a la cola (revisión congelada)
paso 13: WaitExport { ms: 120000 }
  toast: Info: Exportación añadida a la cola (revisión congelada)
export OK: G:/TODO/transcriptor-v2/implementation/evidence/e2/vfr-rotation-20260908-215336/vfr.mp4 · 00:00:05.933 · 178 frames · sha256 1510446f501d8d5b21a596917908e87be84a9ecb5f75ff38af7ca9c3a87e01c9
paso 14: NewProject
  toast: Info: Proyecto nuevo
paso 15: Import { path: "G:/TODO/transcriptor-v2/tests/fixtures/media/fixture-rot90.mp4" }
  toast: Info: Proyecto nuevo
paso 16: Insert { asset: 0, at: Some(0.0) }
  toast: Info: Insertado en 00:00:00.000
paso 17: Action { id: "view.fit" }
  toast: Info: Insertado en 00:00:00.000
paso 18: Seek { t: 1.1 }
  toast: Info: Insertado en 00:00:00.000
paso 19: WaitFrame { ms: 5000 }
  toast: Info: Insertado en 00:00:00.000
fotograma presentado: seq 5 (posición 00:00:01.100)
paso 20: SaveFrame { path: "G:/TODO/transcriptor-v2/implementation/evidence/e2/vfr-rotation-20260908-215336/rot90-viewer-1.1.png" }
fotograma del visor (00:00:01.100) guardado en G:/TODO/transcriptor-v2/implementation/evidence/e2/vfr-rotation-20260908-215336/rot90-viewer-1.1.png
  toast: Info: Insertado en 00:00:00.000
paso 21: Seek { t: 2.2 }
  toast: Info: Insertado en 00:00:00.000
paso 22: WaitFrame { ms: 5000 }
  toast: Info: Insertado en 00:00:00.000
fotograma presentado: seq 6 (posición 00:00:02.200)
paso 23: SaveFrame { path: "G:/TODO/transcriptor-v2/implementation/evidence/e2/vfr-rotation-20260908-215336/rot90-viewer-2.2.png" }
fotograma del visor (00:00:02.200) guardado en G:/TODO/transcriptor-v2/implementation/evidence/e2/vfr-rotation-20260908-215336/rot90-viewer-2.2.png
  toast: Info: Insertado en 00:00:00.000
paso 24: Screenshot { path: "G:/TODO/transcriptor-v2/implementation/evidence/e2/vfr-rotation-20260908-215336/rot90.png" }
  toast: Info: Insertado en 00:00:00.000
captura guardada en G:/TODO/transcriptor-v2/implementation/evidence/e2/vfr-rotation-20260908-215336/rot90.png (1920×1080)
paso 25: Export { preset: "h264-720p", dest: "G:/TODO/transcriptor-v2/implementation/evidence/e2/vfr-rotation-20260908-215336/rot90.mp4", range: false, selection: None }
  toast: Info: Exportación añadida a la cola (revisión congelada)
paso 26: WaitExport { ms: 120000 }
  toast: Info: Exportación añadida a la cola (revisión congelada)
export OK: G:/TODO/transcriptor-v2/implementation/evidence/e2/vfr-rotation-20260908-215336/rot90.mp4 · 00:00:04.000 · 120 frames · sha256 c0c2dbc95e0b4964b91f0ec652a3e0a1b559949b1af42bad41313d5d0860185a
paso 27: Quit
quit; fallos=false
  toast: Info: Exportado G:/TODO/transcriptor-v2/implementation/evidence/e2/vfr-rotation-20260908-215336/rot90.mp4 (00:00:04.000, 120 fotogramas, 0.5 s)
guion terminado; fallos=false
