paso 1: ImportV1 { path: "C:/Users/gabri/Todo/transcriber-v2/implementation/evidence/e2/continuacion-14/save-as-20260930-171900/synthetic-editorial", media: Some("C:/Users/gabri/Todo/transcriber-v2/implementation/evidence/e2/continuacion-14/save-as-20260930-171900/media/fixture-a.mp4") }
paso 2: Wait { ms: 1500 }
  toast: Info: V1 importado: 2 capas, 2 carriles de recortes, 5 tramos de montaje (12 comandos)
paso 3: Assert { markers: None, clips: None, layers: Some(9), items: Some(17), revision: Some(1), playing: None, rate: None, position: None, tracks: None }
assert OK (clips 10, capas 9, items 17, rev 1, pos 0.000, rate 1, playing false)
  toast: Info: V1 importado: 2 capas, 2 carriles de recortes, 5 tramos de montaje (12 comandos)
paso 4: Dump { path: "C:/Users/gabri/Todo/transcriber-v2/implementation/evidence/e2/continuacion-14/save-as-20260930-171900/imported-state.json" }
estado volcado en C:/Users/gabri/Todo/transcriber-v2/implementation/evidence/e2/continuacion-14/save-as-20260930-171900/imported-state.json
  toast: Info: V1 importado: 2 capas, 2 carriles de recortes, 5 tramos de montaje (12 comandos)
paso 5: NewLayer { name: "Human portability edit" }
  toast: Info: V1 importado: 2 capas, 2 carriles de recortes, 5 tramos de montaje (12 comandos)
paso 6: SetIn { t: 2.000001 }
  toast: Info: V1 importado: 2 capas, 2 carriles de recortes, 5 tramos de montaje (12 comandos)
paso 7: SetOut { t: 4.000002 }
  toast: Info: V1 importado: 2 capas, 2 carriles de recortes, 5 tramos de montaje (12 comandos)
paso 8: AddRange
  toast: Info: V1 importado: 2 capas, 2 carriles de recortes, 5 tramos de montaje (12 comandos)
paso 9: Assert { markers: None, clips: None, layers: Some(10), items: Some(18), revision: Some(3), playing: None, rate: None, position: None, tracks: None }
assert OK (clips 10, capas 10, items 18, rev 3, pos 0.000, rate 1, playing false)
  toast: Info: V1 importado: 2 capas, 2 carriles de recortes, 5 tramos de montaje (12 comandos)
paso 10: Save { path: "C:/Users/gabri/Todo/transcriber-v2/implementation/evidence/e2/continuacion-14/save-as-20260930-171900/origin.transcriptor" }
  toast: Info: V1 importado: 2 capas, 2 carriles de recortes, 5 tramos de montaje (12 comandos)
paso 11: AwaitSignal { path: "C:/Users/gabri/Todo/transcriber-v2/implementation/evidence/e2/continuacion-14/save-as-20260930-171900/saved-a.signal", ms: 30000 }
  toast: Info: Revisión 3 guardada en C:/Users/gabri/Todo/transcriber-v2/implementation/evidence/e2/continuacion-14/save-as-20260930-171900/origin.transcriptor
paso 12: Save { path: "C:/Users/gabri/Todo/transcriber-v2/implementation/evidence/e2/continuacion-14/save-as-20260930-171900/save-as.transcriptor" }
  toast: Info: Revisión 3 guardada en C:/Users/gabri/Todo/transcriber-v2/implementation/evidence/e2/continuacion-14/save-as-20260930-171900/origin.transcriptor
paso 13: AwaitSignal { path: "C:/Users/gabri/Todo/transcriber-v2/implementation/evidence/e2/continuacion-14/save-as-20260930-171900/saved-b.signal", ms: 30000 }
  toast: Info: Revisión 3 guardada en C:/Users/gabri/Todo/transcriber-v2/implementation/evidence/e2/continuacion-14/save-as-20260930-171900/save-as.transcriptor
paso 14: Screenshot { path: "C:/Users/gabri/Todo/transcriber-v2/implementation/evidence/e2/continuacion-14/save-as-20260930-171900/save-as-native.png" }
  toast: Info: Revisión 3 guardada en C:/Users/gabri/Todo/transcriber-v2/implementation/evidence/e2/continuacion-14/save-as-20260930-171900/save-as.transcriptor
captura guardada en C:/Users/gabri/Todo/transcriber-v2/implementation/evidence/e2/continuacion-14/save-as-20260930-171900/save-as-native.png (1920×1080)
paso 15: Quit
quit; fallos=false
  toast: Info: Revisión 3 guardada en C:/Users/gabri/Todo/transcriber-v2/implementation/evidence/e2/continuacion-14/save-as-20260930-171900/save-as.transcriptor
guion terminado; fallos=false
