{
  "export_result": "PASS",
  "exports": [
    {
      "path": "implementation\\evidence\\e2\\continuacion-14\\perf-20260930-155438\\under-load.mp4",
      "duration": 4.0,
      "video": {
        "codec_name": "h264",
        "width": 1280,
        "height": 720,
        "r_frame_rate": "30/1",
        "nb_frames": "120"
      },
      "audio_peak_dbfs": -20.513278,
      "checks": [
        {
          "time_seconds": 0.5,
          "source_psnr_db": 43.91970802924284,
          "wrong_source_psnr_db": 19.96806094056039,
          "pass": true
        },
        {
          "time_seconds": 2.5,
          "source_psnr_db": 43.735941557186905,
          "wrong_source_psnr_db": 19.726961116327274,
          "pass": true
        },
        {
          "time_seconds": 3.5,
          "source_psnr_db": 43.17866167101052,
          "wrong_source_psnr_db": 17.787585697777864,
          "pass": true
        }
      ],
      "pass": true
    },
    {
      "path": "implementation\\evidence\\e2\\continuacion-14\\perf-20260930-155438\\playback-load.mp4",
      "duration": 12.0,
      "video": {
        "codec_name": "h264",
        "width": 1280,
        "height": 720,
        "r_frame_rate": "30/1",
        "nb_frames": "360"
      },
      "audio_peak_dbfs": -20.513278,
      "checks": [
        {
          "time_seconds": 0.5,
          "source_psnr_db": 43.91970802924284,
          "wrong_source_psnr_db": 19.96806094056039,
          "pass": true
        },
        {
          "time_seconds": 5.5,
          "source_psnr_db": 43.8084619970676,
          "wrong_source_psnr_db": 18.095081667920866,
          "pass": true
        },
        {
          "time_seconds": 11.5,
          "source_psnr_db": 43.32110784825404,
          "wrong_source_psnr_db": 18.000085862062207,
          "pass": true
        }
      ],
      "pass": true
    }
  ],
  "playback": [
    {
      "phase": "playback_samples",
      "samples": 30,
      "elapsed_seconds": 12.882654500019271,
      "position_advance_seconds": 12.81,
      "sampled_clock_ratio": 0.9943602849848094,
      "buffering_snapshots": 4,
      "decode_ms_median": 2.0947999954223633,
      "decode_ms_p95": 78.73699951171875,
      "decode_ms_max": 83.83649444580078,
      "snapshot_to_frame_lag_ms_median": 13.0,
      "snapshot_to_frame_lag_ms_max": 30
    },
    {
      "phase": "cache_playback_samples",
      "samples": 10,
      "elapsed_seconds": 1.8906616999884136,
      "position_advance_seconds": 1.92,
      "sampled_clock_ratio": 1.0155174773000195,
      "buffering_snapshots": 0,
      "decode_ms_median": 2.3257498741149902,
      "decode_ms_p95": 2.6821999549865723,
      "decode_ms_max": 2.6821999549865723,
      "snapshot_to_frame_lag_ms_median": 20.0,
      "snapshot_to_frame_lag_ms_max": 27
    }
  ],
  "playback_export_overlap_observed_seconds": 7.31902540003648,
  "limits": [
    "Snapshots are not frame presentation timestamps or hardware/audio measurements",
    "Each dump serializes all 20000 items; sampler can be delayed",
    "Clock ratio is measured between sparse external observations, not instantaneous FPS",
    "Decode metrics belong to the player, not UI frame time",
    "Export completion is observed when its toast is first logged"
  ]
}
