   Compiling tv2-application v2.0.0-alpha.10 (C:\Users\gabri\Todo\transcriber-v2\crates\application)
    Finished `test` profile [optimized + debuginfo] target(s) in 23.47s
     Running unittests src\lib.rs (target\debug\deps\tv2_application-761e5409f1147582.exe)

running 80 tests
test protection::tests::agent_cannot_replace_delete_or_edit_a_human_decision_even_in_a_batch ... ok
test protection::tests::clip_editorial_decisions_cover_linked_streams_and_protect_human_review ... ok
test protection::tests::external_batches_cannot_unlock_or_reconcile_locked_track_contents ... ok
test protection::tests::locked_tracks_reject_split_properties_and_editorial_review_atomically ... ok
test protection::tests::external_reconcile_preserves_layer_identity_and_tombstones ... ok
test reconcile::tests::detailed_review_collects_all_conflicts_and_requires_each_choice ... ok
test reconcile::tests::merges_independent_changes_and_rejects_same_field_or_wrong_identity ... ok
test reconcile::tests::stable_ids_merge_items_and_conflicting_order_is_rejected ... ok
test semantic_tests::agent_edits_do_not_forge_human_review_or_become_human_protected ... ok
test semantic_tests::author_cycle_converts_point_and_keeps_region_on_return_to_note ... ok
test semantic_tests::blocks_inspector_edits_both_neighbors_and_invalid_batch_rolls_back ... ok
test reconcile::tests::explicit_human_resolution_is_required_for_editorial_decisions ... ok
test semantic_tests::coalesce_preserves_enabled_groups_actor_identity_and_lane_removal ... ok
test semantic_tests::exclusive_trim_end_maps_to_previous_clip_at_cut_and_sequence_end ... ok
test semantic_tests::cut_box_union_subtract_metadata_tombstones_and_history ... ok
test semantic_tests::layer_order_requires_complete_unique_membership_and_undo ... ok
test semantic_tests::nudge_moves_descendants_once_clamps_and_failed_trim_batch_is_atomic ... ok
test semantic_tests::prepared_command_keeps_generated_ids_rejects_stale_and_shares_master_evidence ... ok
test semantic_tests::save_acknowledgement_does_not_clean_newer_edits_or_discard_their_audit ... ok
test documents::tests::refuses_v1_directories_traversal_reserved_names_and_case_aliases ... ok
test semantic_tests::split_partitions_tree_preserves_other_ranges_evidence_and_retry ... ok
test session::tests::digest_checks_dry_run_and_apply_and_revision_cannot_overflow ... ok
test session::tests::editorial_structure_validates_children_and_undoes_as_one_change ... ok
test session::tests::explicit_recovery_can_be_undone_without_rewinding_revision ... ok
test session::tests::failed_batch_leaves_project_untouched_and_dry_run_does_not_commit ... ok
test session::tests::idempotency_rejects_changed_request_and_wrong_project_before_replay ... ok
test session::tests::multiple_undo_redo_preserves_content_and_monotonic_revision ... ok
test session::tests::paste_items_remaps_hierarchy_preserves_multirange_and_is_atomic ... ok
test session::tests::paste_preserves_clip_properties_and_links_after_cut_and_rolls_back_collisions ... ok
test session::tests::prepared_diff_survives_commit_revision_metadata_and_exact_base_rechecks ... ok
test session::tests::prepared_history_agent_cannot_remove_or_resurrect_human_decisions ... ok
test jobs::tests::corrupt_job_and_wrong_digest_are_rejected_without_replacing_record ... ok
test documents::tests::rejects_file_ancestors_before_persisting_or_recovering_any_output ... ok
test session::tests::prepared_history_rejects_stale_base_changed_entry_and_nested_batch_atomically ... ok
test documents::tests::empty_directories_recover_with_documents_and_reject_path_conflicts ... ok
test session::tests::recovery_cannot_replace_an_existing_idempotency_receipt ... ok
test session::tests::revisions_grow_and_undo_creates_new_revision ... ok
test session::tests::stale_base_is_rejected_and_idempotent_retry_replays ... ok
test session::tests::undo_after_external_change_is_rejected_not_applied ... ok
test jobs::tests::durable_jobs_recover_orphans_preserve_payload_and_exclude_live_workers ... ok
test session::tests::validation_cache_never_trusts_unvalidated_bases_or_changed_layer_context ... ok
test semantic_tests::source_bundle_survives_history_reopen_and_cannot_be_rewritten ... ok
test semantic_tests::durable_history_reopens_undo_and_redo_with_receipts_and_rejects_corruption ... ok
test source_bundles::tests::future_schema_or_unknown_bundle_contract_is_rejected_without_rewriting ... ok
test session::tests::receipts_survive_disk_reopen_and_do_not_repeat_generated_ids ... ok
test session::tests::prepared_history_commands_keep_preview_stacks_actor_and_durable_retry ... ok
test source_bundles::tests::changed_auxiliary_aborts_before_checkpoint_and_corrupt_owned_blob_is_not_overwritten ... ok
test source_bundles::tests::source_enrichment_rejects_changed_master_wrong_bundle_and_existing_bundle_replacement ... ok
test semantic_tests::autosave_second_instance_preserves_first_recovery_and_rejects_external_save ... ok
test semantic_tests::recovery_restores_full_undo_and_redo_and_survives_save_reopen ... ok
test source_bundles::tests::external_master_survives_save_as_and_rejects_tampered_bytes_or_forged_descriptors ... ok
test session::tests::prepared_history_interleaves_local_history_and_survives_autosave_recovery ... ok
test history_codec::tests::deltas_roundtrip_undo_redo_and_reject_corrupt_base_with_shared_large_evidence ... ok
test source_bundles::tests::legacy_checkpoint_migrates_only_on_save_preserving_history_receipts_and_extras ... ok
test documents::tests::binary_publication_recovers_boundaries_and_preserves_changed_sources_and_targets ... ok
test audit::tests::save_as_copies_archived_audit_without_source_dependency ... ok
test documents::tests::multi_document_recovery_all_boundaries_and_external_conflict ... ok
test storage_codec::tests::reserved_markers_are_escaped_and_unknown_envelope_fields_rejected ... ok
test store::tests::compare_and_save_rejects_second_instance_and_preserves_external_content ... ok
test audit::tests::archive_paginates_without_rewriting_segments_and_rejects_stale_cursors_or_corruption ... ok
test source_bundles::tests::recovery_after_undo_enrichment_requires_validated_pure_redo_proof_and_restores_portable_redo ... ok
test audit::tests::archive_publication_retries_orphan_blobs_and_autosave_references_history ... ok
test store::tests::invalid_external_json_is_never_overwritten_and_lock_is_enforced ... ok
test source_bundles::tests::legacy_master_gains_source_bundle_without_replacing_evidence_or_human_layers_and_survives_save_as ... ok
test store::tests::autosave_publishes_audit_and_receipts_with_content_and_recovers_once ... ok
test store::tests::journal_is_append_only_and_tolerates_truncated_tail ... ok
test source_bundles::tests::save_as_auxiliaries_survive_source_loss_folder_move_undo_and_export ... ok
test store::tests::invalid_recovery_does_not_change_observed_base_or_session ... ok
test store::tests::save_load_round_trip_and_atomic_replace ... ok
test store::tests::recovery_requires_matching_identity_and_newer_revision ... ok
test storage_codec::tests::storage_save_as_preserves_archived_commands_and_detects_blob_corruption ... ok
test store::tests::staged_audit_commit_recovers_project_index_and_history_boundaries ... ok
test storage_codec::tests::hundred_thousand_items_share_clone_history_undo_and_detach_only_on_mutation ... ok
test store::tests::recovery_finishes_each_commit_boundary_once_and_rejects_external_writes ... ok
test storage_codec::tests::hydrated_project_and_history_share_verified_layer_items ... ok
test store::tests::storage_commit_recovers_shadow_history_and_audit_at_every_boundary ... ok
test store::tests::external_diff_revalidates_both_bases_and_is_undoable_then_saveable ... ok
test storage_codec::tests::projected_layer_above_64mib_is_external_and_digest_stable ... ok
test audit::tests::more_than_ten_thousand_receipts_remain_replayable_after_archive_reopen ... ok
test storage_codec::tests::master_above_64mib_survives_checkpoint_history_autosave_and_receipts ... ok

test result: ok. 80 passed; 0 failed; 0 ignored; 0 measured; 0 filtered out; finished in 14.65s

     Running tests\block_review.rs (target\debug\deps\block_review-c2f76ead066a16b9.exe)

running 3 tests
test unsafe_or_missing_evidence_rejects_the_whole_review_batch ... ok
test block_review_prepares_exact_safe_bounds_and_preserves_evidence_through_undo ... ok
test confidence_is_bounded_agent_attributed_and_stale_prepared_review_rejected ... ok

test result: ok. 3 passed; 0 failed; 0 ignored; 0 measured; 0 filtered out; finished in 0.00s

   Doc-tests tv2_application

running 0 tests

test result: ok. 0 passed; 0 failed; 0 ignored; 0 measured; 0 filtered out; finished in 0.00s
