   Compiling proc-macro2 v1.0.107
   Compiling quote v1.0.47
   Compiling unicode-ident v1.0.24
   Compiling serde_core v1.0.229
   Compiling serde v1.0.229
   Compiling cfg-if v1.0.4
   Compiling windows-link v0.2.1
   Compiling once_cell v1.21.4
   Compiling log v0.4.34
   Compiling foldhash v0.2.0
   Compiling autocfg v1.5.1
   Compiling libm v0.2.16
   Compiling thiserror v2.0.20
   Compiling arrayvec v0.7.8
   Compiling equivalent v1.0.2
   Compiling cfg_aliases v0.2.2
   Compiling simd-adler32 v0.3.10
   Compiling windows-result v0.4.1
   Compiling hashbrown v0.17.1
   Compiling windows-strings v0.5.1
   Compiling adler2 v2.0.1
   Compiling zerocopy v0.8.56
   Compiling crc32fast v1.5.1
   Compiling stable_deref_trait v1.2.1
   Compiling miniz_oxide v0.9.1
   Compiling windows-threading v0.2.1
   Compiling parking_lot_core v0.9.12
   Compiling scopeguard v1.2.0
   Compiling num-traits v0.2.19
   Compiling khronos_api v3.1.0
   Compiling allocator-api2 v0.2.21
   Compiling indexmap v2.14.2
   Compiling raw-window-handle v0.6.2
   Compiling tracing-core v0.1.36
   Compiling static_assertions v1.1.0
   Compiling polycool v0.4.0
   Compiling lock_api v0.4.14
   Compiling miniz_oxide v0.8.9
   Compiling fdeflate v0.3.7
   Compiling hashbrown v0.16.1
   Compiling rustc-hash v1.1.0
   Compiling find-msvc-tools v0.1.12
   Compiling itoa v1.0.18
   Compiling profiling v1.0.18
   Compiling pin-project-lite v0.2.17
   Compiling xml-rs v0.8.29
   Compiling shlex v2.0.1
   Compiling bitflags v2.13.1
   Compiling litemap v0.8.3
   Compiling writeable v0.6.4
   Compiling uuid v1.26.0
   Compiling naga v30.0.1
   Compiling flate2 v1.1.10
   Compiling libloading v0.8.9
   Compiling syn v3.0.5
   Compiling syn v2.0.119
   Compiling icu_normalizer_data v2.3.0
   Compiling icu_properties_data v2.3.0
   Compiling unicode-width v0.2.2
   Compiling bit-vec v0.9.1
   Compiling libc v0.2.189
   Compiling linebender_resource_handle v0.1.1
   Compiling windows_x86_64_msvc v0.52.6
   Compiling version_check v0.9.5
   Compiling cc v1.4.5
   Compiling typenum v1.20.1
   Compiling ash v0.38.0+1.3.281
   Compiling utf8_iter v1.0.4
   Compiling bit-set v0.10.0
   Compiling codespan-reporting v0.13.1
   Compiling gl_generator v0.14.0
   Compiling ahash v0.8.12
   Compiling euclid v0.22.14
   Compiling spirv v0.4.0+sdk-1.4.341.0
   Compiling fearless_simd v0.4.1
   Compiling khronos-egl v6.0.0
   Compiling hybrid-array v0.4.14
   Compiling rand_core v0.10.1
   Compiling glutin_wgl_sys v0.6.1
   Compiling typeid v1.0.3
   Compiling percent-encoding v2.3.2
   Compiling ring v0.17.14
   Compiling unicode-general-category v1.1.0
   Compiling getrandom v0.4.3
   Compiling unicode-segmentation v1.13.3
   Compiling guillotiere v0.7.0
   Compiling serde_derive v1.0.229
   Compiling bytemuck_derive v1.12.0
   Compiling thiserror-impl v2.0.20
   Compiling synstructure v0.13.2
   Compiling zerovec-derive v0.11.6
   Compiling displaydoc v0.2.7
   Compiling windows-implement v0.60.2
   Compiling bytemuck v1.25.2
   Compiling zerofrom-derive v0.1.7
   Compiling windows-interface v0.59.3
   Compiling yoke-derive v0.8.2
   Compiling zerocopy-derive v0.8.56
   Compiling tracing-attributes v0.1.31
   Compiling enumn v0.1.14
   Compiling wgpu-hal v30.0.1
   Compiling windows-sys v0.61.2
   Compiling byteorder-lite v0.1.0
   Compiling litrs v1.0.0
   Compiling weezl v0.1.12
   Compiling zmij v1.0.23
   Compiling quick-error v2.0.1
   Compiling naga-types v30.0.1
   Compiling pxfm v0.1.30
   Compiling zeroize v1.9.0
   Compiling color_quant v1.1.0
   Compiling windows_x86_64_msvc v0.53.1
   Compiling cpufeatures v0.3.1
   Compiling windows-core v0.62.2
   Compiling presser v0.3.1
   Compiling zune-core v0.5.3
   Compiling color v0.3.3
   Compiling wgpu-types v30.0.1
   Compiling document-features v0.2.12
   Compiling gif v0.14.2
   Compiling zune-jpeg v0.5.15
   Compiling rustls-pki-types v1.15.1
   Compiling smallvec v1.16.0
   Compiling font-types v0.12.4
   Compiling tracing v0.1.44
   Compiling zerofrom v0.1.8
   Compiling accesskit v0.24.1
   Compiling emath v0.36.1
   Compiling yoke v0.8.3
   Compiling windows-collections v0.3.2
   Compiling windows-future v0.3.2
   Compiling windows-numerics v0.3.1
   Compiling parking_lot v0.12.5
   Compiling kurbo v0.13.1
   Compiling read-fonts v0.41.0
   Compiling ecolor v0.36.1
   Compiling image-webp v0.2.4
   Compiling zerovec v0.11.8
   Compiling zerotrie v0.2.5
   Compiling windows v0.62.2
   Compiling windows-targets v0.52.6
   Compiling crypto-common v0.2.2
   Compiling block-buffer v0.12.1
   Compiling ordered-float v5.5.0
   Compiling png v0.18.1
   Compiling winit v0.30.13
   Compiling getrandom v0.2.17
   Compiling tinystr v0.8.4
   Compiling potential_utf v0.1.6
   Compiling peniko v0.6.1
   Compiling moxcms v0.8.1
   Compiling icu_locale_core v2.3.0
   Compiling icu_collections v2.3.0
   Compiling vello_common v0.1.0
   Compiling range-alloc v0.1.5
   Compiling untrusted v0.9.0
   Compiling float-cmp v0.9.0
   Compiling either v1.18.0
   Compiling serde_json v1.0.151
   Compiling const-oid v0.10.2
   Compiling unicase v2.9.0
   Compiling epaint_default_fonts v0.36.1
   Compiling glow v0.17.0
   Compiling httparse v1.10.1
   Compiling icu_provider v2.3.1
   Compiling siphasher v1.0.3
   Compiling renderdoc-sys v1.1.0
   Compiling nohash-hasher v0.2.0
   Compiling vello_cpu v0.1.0
   Compiling icu_properties v2.3.0
   Compiling icu_normalizer v2.3.0
   Compiling self_cell v1.3.0
   Compiling phf_shared v0.11.3
   Compiling digest v0.11.3
   Compiling itertools v0.15.0
   Compiling strict-num v0.1.1
   Compiling idna_adapter v1.2.2
   Compiling half v2.7.1
   Compiling image v0.25.10
   Compiling skrifa v0.44.0
   Compiling harfrust v0.12.0
   Compiling ron v0.12.2
   Compiling windows-sys v0.52.0
   Compiling chacha20 v0.10.2
   Compiling wgpu-core v30.0.1
   Compiling cursor-icon v1.2.0
   Compiling arrayref v0.3.9
   Compiling rustls v0.23.44
   Compiling bytes v1.12.1
   Compiling dpi v0.1.2
   Compiling memchr v2.8.3
   Compiling smol_str v0.2.2
   Compiling rustls-webpki v0.103.15
   Compiling http v1.5.0
   Compiling tiny-skia-path v0.11.4
   Compiling rand v0.10.2
   Compiling windows-targets v0.53.5
   Compiling idna v1.1.0
   Compiling sha2 v0.11.0
   Compiling epaint v0.36.1
   Compiling phf v0.11.3
   Compiling accesskit_consumer v0.35.0
   Compiling kurbo v0.11.3
   Compiling form_urlencoded v1.2.2
   Compiling wgpu v30.0.1
   Compiling hex v0.4.3
   Compiling base64 v0.23.1
   Compiling error-code v3.4.0
   Compiling subtle v2.6.1
   Compiling bitflags v1.3.2
   Compiling crossbeam-utils v0.8.23
   Compiling png v0.17.16
   Compiling svgtypes v0.15.3
   Compiling ureq-proto v0.6.2
   Compiling clipboard-win v5.4.1
   Compiling tv2-domain v2.0.0-alpha.3 (C:\Users\gabri\Todo\transcriber-v2\crates\domain)
   Compiling url v2.5.8
   Compiling mime_guess2 v2.3.1
   Compiling egui v0.36.1
   Compiling windows-sys v0.60.2
   Compiling webpki-roots v1.0.9
   Compiling simplecss v0.2.2
   Compiling rustc-hash v2.1.3
   Compiling xmlwriter v0.1.0
   Compiling pico-args v0.5.0
   Compiling utf8-zero v0.8.1
   Compiling roxmltree v0.20.0
   Compiling cpal v0.18.2
   Compiling base64 v0.22.1
   Compiling imagesize v0.13.0
   Compiling fastrand v2.5.0
   Compiling web-time v1.1.0
   Compiling data-url v0.3.2
   Compiling regex-syntax v0.8.11
   Compiling tempfile v3.27.0
   Compiling arboard v3.6.1
   Compiling usvg v0.45.1
   Compiling ureq v3.4.1
   Compiling webbrowser v1.2.4
   Compiling type-map v0.5.1
   Compiling tiny-skia v0.11.4
   Compiling wgpu-naga-bridge v30.0.1
   Compiling regex-automata v0.4.18
   Compiling rgb v0.8.53
   Compiling enum-map-derive v0.17.0
   Compiling rfd v0.17.2
   Compiling lazy_static v1.5.0
   Compiling mime v0.3.17
   Compiling anyhow v1.0.104
   Compiling dasp_sample v0.11.0
   Compiling enum-map v2.7.3
   Compiling sharded-slab v0.1.7
   Compiling resvg v0.45.1
   Compiling crossbeam-channel v0.5.17
   Compiling ehttp v0.7.1
   Compiling nu-ansi-term v0.50.3
   Compiling tracing-log v0.2.0
   Compiling thread_local v1.1.10
   Compiling pollster v1.0.1
   Compiling matchers v0.2.0
   Compiling tracing-subscriber v0.3.23
   Compiling tv2-application v2.0.0-alpha.3 (C:\Users\gabri\Todo\transcriber-v2\crates\application)
   Compiling tv2-v1compat v2.0.0-alpha.3 (C:\Users\gabri\Todo\transcriber-v2\crates\v1compat)
   Compiling egui_extras v0.36.1
   Compiling gpu-allocator v0.28.0
   Compiling accesskit_windows v0.32.1
   Compiling tv2-media v2.0.0-alpha.3 (C:\Users\gabri\Todo\transcriber-v2\crates\media)
   Compiling accesskit_winit v0.32.2
   Compiling egui-winit v0.36.1
   Compiling wgpu-core-deps-windows-linux-android v30.0.1
   Compiling egui-wgpu v0.36.1
   Compiling eframe v0.36.1
   Compiling transcriptor v2.0.0-alpha.3 (C:\Users\gabri\Todo\transcriber-v2\apps\desktop)
    Finished `release` profile [optimized + debuginfo] target(s) in 6m 30s
