   Compiling proc-macro2 v1.0.107
   Compiling quote v1.0.47
   Compiling serde_core v1.0.229
   Compiling serde v1.0.229
   Compiling libm v0.2.16
   Compiling thiserror v2.0.20
   Compiling num-traits v0.2.19
   Compiling zerocopy v0.8.56
   Compiling crc32fast v1.5.1
   Compiling parking_lot_core v0.9.12
   Compiling khronos_api v3.1.0
    Checking pin-project-lite v0.2.17
    Checking rustc-hash v1.1.0
    Checking itoa v1.0.18
    Checking profiling v1.0.18
   Compiling xml-rs v0.8.29
    Checking writeable v0.6.4
    Checking litemap v0.8.3
   Compiling log v0.4.34
   Compiling find-msvc-tools v0.1.12
   Compiling shlex v2.0.1
   Compiling naga v30.0.1
    Checking libloading v0.8.9
    Checking unicode-width v0.2.2
   Compiling cc v1.4.5
    Checking utf8_iter v1.0.4
    Checking typenum v1.20.1
   Compiling icu_normalizer_data v2.3.0
   Compiling windows_x86_64_msvc v0.52.6
   Compiling icu_properties_data v2.3.0
   Compiling ash v0.38.0+1.3.281
    Checking bit-vec v0.9.1
   Compiling version_check v0.9.5
   Compiling libc v0.2.189
    Checking linebender_resource_handle v0.1.1
   Compiling gl_generator v0.14.0
    Checking codespan-reporting v0.13.1
    Checking flate2 v1.1.10
    Checking bit-set v0.10.0
    Checking hybrid-array v0.4.14
    Checking rand_core v0.10.1
   Compiling khronos-egl v6.0.0
   Compiling unicode-general-category v1.1.0
    Checking unicode-segmentation v1.13.3
   Compiling ahash v0.8.12
    Checking percent-encoding v2.3.2
    Checking fearless_simd v0.4.1
   Compiling getrandom v0.4.3
   Compiling typeid v1.0.3
   Compiling syn v3.0.5
   Compiling syn v2.0.119
    Checking bitflags v2.13.1
    Checking uuid v1.26.0
    Checking spirv v0.4.0+sdk-1.4.341.0
   Compiling glutin_wgl_sys v0.6.1
    Checking euclid v0.22.14
    Checking windows-sys v0.61.2
   Compiling ring v0.17.14
   Compiling wgpu-hal v30.0.1
    Checking quick-error v2.0.1
   Compiling litrs v1.0.0
    Checking cpufeatures v0.3.1
    Checking color_quant v1.1.0
    Checking zune-core v0.5.3
    Checking presser v0.3.1
    Checking pxfm v0.1.30
    Checking weezl v0.1.12
    Checking byteorder-lite v0.1.0
   Compiling windows_x86_64_msvc v0.53.1
    Checking zeroize v1.9.0
   Compiling zmij v1.0.23
    Checking rustls-pki-types v1.15.1
    Checking image-webp v0.2.4
    Checking gif v0.14.2
    Checking guillotiere v0.7.0
    Checking zune-jpeg v0.5.15
    Checking windows-targets v0.52.6
    Checking ordered-float v5.5.0
    Checking png v0.18.1
    Checking block-buffer v0.12.1
    Checking crypto-common v0.2.2
   Compiling synstructure v0.13.2
   Compiling winit v0.30.13
    Checking getrandom v0.2.17
    Checking float-cmp v0.9.0
   Compiling siphasher v1.0.3
   Compiling document-features v0.2.12
    Checking epaint_default_fonts v0.36.1
    Checking untrusted v0.9.0
    Checking const-oid v0.10.2
    Checking range-alloc v0.1.5
    Checking glow v0.17.0
   Compiling unicase v2.9.0
    Checking nohash-hasher v0.2.0
    Checking renderdoc-sys v1.1.0
   Compiling serde_json v1.0.151
    Checking moxcms v0.8.1
    Checking either v1.18.0
   Compiling httparse v1.10.1
    Checking self_cell v1.3.0
    Checking digest v0.11.3
   Compiling phf_shared v0.11.3
    Checking strict-num v0.1.1
    Checking itertools v0.15.0
    Checking windows-sys v0.52.0
    Checking chacha20 v0.10.2
   Compiling wgpu-core v30.0.1
    Checking arrayref v0.3.9
    Checking memchr v2.8.3
   Compiling rustls v0.23.44
    Checking smol_str v0.2.2
    Checking cursor-icon v1.2.0
    Checking dpi v0.1.2
    Checking bytes v1.12.1
    Checking rand v0.10.2
    Checking windows-targets v0.53.5
   Compiling phf v0.11.3
    Checking sha2 v0.11.0
    Checking form_urlencoded v1.2.2
   Compiling wgpu v30.0.1
    Checking hex v0.4.3
    Checking bitflags v1.3.2
    Checking http v1.5.0
   Compiling crossbeam-utils v0.8.23
    Checking base64 v0.23.1
    Checking error-code v3.4.0
    Checking subtle v2.6.1
    Checking png v0.17.16
    Checking clipboard-win v5.4.1
   Compiling mime_guess2 v2.3.1
    Checking windows-sys v0.60.2
    Checking webpki-roots v1.0.9
    Checking simplecss v0.2.2
    Checking xmlwriter v0.1.0
    Checking ureq-proto v0.6.2
    Checking base64 v0.22.1
    Checking fastrand v2.5.0
    Checking pico-args v0.5.0
    Checking regex-syntax v0.8.11
    Checking data-url v0.3.2
    Checking rustc-hash v2.1.3
    Checking web-time v1.1.0
    Checking roxmltree v0.20.0
    Checking imagesize v0.13.0
    Checking utf8-zero v0.8.1
   Compiling cpal v0.18.2
    Checking tempfile v3.27.0
    Checking type-map v0.5.1
    Checking lazy_static v1.5.0
    Checking mime v0.3.17
    Checking dasp_sample v0.11.0
   Compiling anyhow v1.0.104
    Checking regex-automata v0.4.18
   Compiling rfd v0.17.2
    Checking sharded-slab v0.1.7
    Checking crossbeam-channel v0.5.17
    Checking nu-ansi-term v0.50.3
    Checking tracing-log v0.2.0
    Checking thread_local v1.1.10
    Checking pollster v1.0.1
    Checking rustls-webpki v0.103.15
    Checking matchers v0.2.0
   Compiling serde_derive v1.0.229
   Compiling bytemuck_derive v1.12.0
   Compiling thiserror-impl v2.0.20
   Compiling zerovec-derive v0.11.6
   Compiling displaydoc v0.2.7
   Compiling windows-implement v0.60.2
   Compiling zerofrom-derive v0.1.7
   Compiling windows-interface v0.59.3
   Compiling yoke-derive v0.8.2
   Compiling zerocopy-derive v0.8.56
   Compiling tracing-attributes v0.1.31
    Checking bytemuck v1.25.2
   Compiling enumn v0.1.14
    Checking ureq v3.4.1
    Checking color v0.3.3
    Checking image v0.25.10
    Checking tiny-skia-path v0.11.4
    Checking rgb v0.8.53
    Checking tiny-skia v0.11.4
   Compiling enum-map-derive v0.17.0
    Checking naga-types v30.0.1
    Checking wgpu-types v30.0.1
    Checking ehttp v0.7.1
    Checking arboard v3.6.1
    Checking windows-core v0.62.2
    Checking windows-numerics v0.3.1
    Checking windows-future v0.3.2
    Checking windows-collections v0.3.2
    Checking windows v0.62.2
    Checking enum-map v2.7.3
    Checking smallvec v1.16.0
    Checking kurbo v0.13.1
    Checking parking_lot v0.12.5
    Checking font-types v0.12.4
    Checking accesskit v0.24.1
    Checking emath v0.36.1
    Checking ron v0.12.2
    Checking kurbo v0.11.3
    Checking tv2-domain v2.0.0-alpha.1 (C:\Users\gabri\Todo\transcriber-v2\crates\domain)
    Checking read-fonts v0.41.0
    Checking zerofrom v0.1.8
    Checking peniko v0.6.1
    Checking ecolor v0.36.1
    Checking tracing v0.1.44
    Checking vello_common v0.1.0
    Checking yoke v0.8.3
    Checking svgtypes v0.15.3
    Checking tracing-subscriber v0.3.23
    Checking usvg v0.45.1
    Checking vello_cpu v0.1.0
    Checking zerovec v0.11.8
    Checking zerotrie v0.2.5
    Checking accesskit_consumer v0.35.0
    Checking tv2-application v2.0.0-alpha.1 (C:\Users\gabri\Todo\transcriber-v2\crates\application)
    Checking tv2-v1compat v2.0.0-alpha.1 (C:\Users\gabri\Todo\transcriber-v2\crates\v1compat)
    Checking tinystr v0.8.4
    Checking potential_utf v0.1.6
    Checking resvg v0.45.1
    Checking icu_collections v2.3.0
    Checking icu_locale_core v2.3.0
    Checking icu_provider v2.3.1
    Checking icu_properties v2.3.0
    Checking icu_normalizer v2.3.0
    Checking idna_adapter v1.2.2
    Checking idna v1.1.0
    Checking half v2.7.1
    Checking url v2.5.8
    Checking webbrowser v1.2.4
    Checking harfrust v0.12.0
    Checking skrifa v0.44.0
    Checking epaint v0.36.1
    Checking egui v0.36.1
    Checking wgpu-naga-bridge v30.0.1
    Checking egui_extras v0.36.1
    Checking gpu-allocator v0.28.0
    Checking accesskit_windows v0.32.1
    Checking tv2-media v2.0.0-alpha.1 (C:\Users\gabri\Todo\transcriber-v2\crates\media)
    Checking accesskit_winit v0.32.2
    Checking egui-winit v0.36.1
    Checking wgpu-core-deps-windows-linux-android v30.0.1
    Checking egui-wgpu v0.36.1
    Checking eframe v0.36.1
    Checking transcriptor v2.0.0-alpha.1 (C:\Users\gabri\Todo\transcriber-v2\apps\desktop)
error[E0382]: borrow of moved value: `id`
   --> apps\desktop\src\ui_panels.rs:936:98
    |
930 | ...   for (id, label, chords) in rows {
    |            -- move occurs because `id` has type `std::string::String`, which does not implement the `Copy` trait
931 | ...       ui.label(RichText::new(id).size(10.5).color(colors::TEXT_DIM));
    |                                  -- value moved here
...
936 | ...               Some(crate::keymap::ShortcutEditor { text: app.keymap.chords(&id).join("; "), action: id, ..Default::default() });
    |                                                                                ^^^ value borrowed here after move
    |
    = note: borrow occurs due to deref coercion to `str`
help: consider borrowing `id`
    |
931 |                             ui.label(RichText::new(&id).size(10.5).color(colors::TEXT_DIM));
    |                                                    +

For more information about this error, try `rustc --explain E0382`.
error: could not compile `transcriptor` (bin "Transcriptor") due to 1 previous error
