Using Python 3.12.13 environment at: .local\e5-alignment-venv
Resolved 11 packages in 1.09s
Downloading setuptools (1.2MiB)
Downloading sympy (6.0MiB)
Downloading torch (590.7MiB)
Downloading networkx (2.0MiB)
Downloading torchaudio (2.4MiB)
 Downloaded torchaudio
 Downloaded setuptools
 Downloaded networkx
 Downloaded sympy
 Downloaded torch
Prepared 11 packages in 23.27s
Installed 11 packages in 3.17s
 + filelock==3.32.3
 + fsspec==2026.7.0
 + jinja2==3.1.6
 + markupsafe==3.0.3
 + mpmath==1.3.0
 + networkx==3.6.1
 + setuptools==78.1.0
 + sympy==1.14.0
 + torch==2.8.0+cpu
 + torchaudio==2.8.0+cpu
 + typing-extensions==4.16.0
