{"event":"progress","fraction":0.1,"job_id":"job-50e02651863f","protocol":"tv2-editorial/1","stage":"load_editorial_model"}
{"event":"progress","fraction":0.10044378698224853,"job_id":"job-50e02651863f","protocol":"tv2-editorial/1","stage":"load_editorial_model"}
{"event":"progress","fraction":0.11775147928994084,"job_id":"job-50e02651863f","protocol":"tv2-editorial/1","stage":"load_editorial_model"}
{"event":"progress","fraction":0.13550295857988165,"job_id":"job-50e02651863f","protocol":"tv2-editorial/1","stage":"load_editorial_model"}
{"event":"progress","fraction":0.15325443786982249,"job_id":"job-50e02651863f","protocol":"tv2-editorial/1","stage":"load_editorial_model"}
{"event":"progress","fraction":0.17100591715976332,"job_id":"job-50e02651863f","protocol":"tv2-editorial/1","stage":"load_editorial_model"}
{"event":"progress","fraction":0.18875739644970413,"job_id":"job-50e02651863f","protocol":"tv2-editorial/1","stage":"load_editorial_model"}
{"event":"progress","fraction":0.20650887573964496,"job_id":"job-50e02651863f","protocol":"tv2-editorial/1","stage":"load_editorial_model"}
{"event":"progress","fraction":0.2242603550295858,"job_id":"job-50e02651863f","protocol":"tv2-editorial/1","stage":"load_editorial_model"}
{"event":"progress","fraction":0.2420118343195266,"job_id":"job-50e02651863f","protocol":"tv2-editorial/1","stage":"load_editorial_model"}
{"event":"progress","fraction":0.25,"job_id":"job-50e02651863f","protocol":"tv2-editorial/1","stage":"load_editorial_model"}
{"cpu_profile":"fp32-sdpa-omp2-mkl2-prefill256","event":"progress","fraction":0.25,"input_tokens":2002,"interop_threads":1,"job_id":"job-50e02651863f","private_bytes":7702904832,"process_threads":11,"protocol":"tv2-editorial/1","stage":"loaded_editorial_model","torch_threads":2}
{"event":"progress","fraction":0.2563968015992004,"job_id":"job-50e02651863f","protocol":"tv2-editorial/1","stage":"editorial_prefill"}
{"event":"progress","fraction":0.2627936031984008,"job_id":"job-50e02651863f","protocol":"tv2-editorial/1","stage":"editorial_prefill"}
{"event":"progress","fraction":0.2691904047976012,"job_id":"job-50e02651863f","protocol":"tv2-editorial/1","stage":"editorial_prefill"}
{"event":"progress","fraction":0.2755872063968016,"job_id":"job-50e02651863f","protocol":"tv2-editorial/1","stage":"editorial_prefill"}
{"event":"progress","fraction":0.281984007996002,"job_id":"job-50e02651863f","protocol":"tv2-editorial/1","stage":"editorial_prefill"}
{"event":"progress","fraction":0.2883808095952024,"job_id":"job-50e02651863f","protocol":"tv2-editorial/1","stage":"editorial_prefill"}
{"event":"progress","fraction":0.2947776111944028,"job_id":"job-50e02651863f","protocol":"tv2-editorial/1","stage":"editorial_prefill"}
{"event":"progress","fraction":0.3,"job_id":"job-50e02651863f","protocol":"tv2-editorial/1","stage":"editorial_prefill"}
{"event":"progress","fraction":0.3,"job_id":"job-50e02651863f","prefill_chunk_tokens":256,"prefill_tokens":2001,"protocol":"tv2-editorial/1","stage":"editorial_inference"}
{"cached":false,"event":"progress","fraction":1.0,"job_id":"job-50e02651863f","protocol":"tv2-editorial/1","stage":"editorial_complete"}
{"event":"progress","fraction":0.1,"job_id":"job-d03bb0081e4a","protocol":"tv2-editorial/1","stage":"load_editorial_model"}
{"event":"progress","fraction":0.10044378698224853,"job_id":"job-d03bb0081e4a","protocol":"tv2-editorial/1","stage":"load_editorial_model"}
{"event":"progress","fraction":0.11775147928994084,"job_id":"job-d03bb0081e4a","protocol":"tv2-editorial/1","stage":"load_editorial_model"}
{"event":"progress","fraction":0.13550295857988165,"job_id":"job-d03bb0081e4a","protocol":"tv2-editorial/1","stage":"load_editorial_model"}
{"event":"progress","fraction":0.15325443786982249,"job_id":"job-d03bb0081e4a","protocol":"tv2-editorial/1","stage":"load_editorial_model"}
{"event":"progress","fraction":0.17100591715976332,"job_id":"job-d03bb0081e4a","protocol":"tv2-editorial/1","stage":"load_editorial_model"}
{"event":"progress","fraction":0.18875739644970413,"job_id":"job-d03bb0081e4a","protocol":"tv2-editorial/1","stage":"load_editorial_model"}
{"event":"progress","fraction":0.20650887573964496,"job_id":"job-d03bb0081e4a","protocol":"tv2-editorial/1","stage":"load_editorial_model"}
{"event":"progress","fraction":0.2242603550295858,"job_id":"job-d03bb0081e4a","protocol":"tv2-editorial/1","stage":"load_editorial_model"}
{"event":"progress","fraction":0.2420118343195266,"job_id":"job-d03bb0081e4a","protocol":"tv2-editorial/1","stage":"load_editorial_model"}
{"event":"progress","fraction":0.25,"job_id":"job-d03bb0081e4a","protocol":"tv2-editorial/1","stage":"load_editorial_model"}
{"cpu_profile":"fp32-sdpa-omp2-mkl2-prefill256","event":"progress","fraction":0.25,"input_tokens":2343,"interop_threads":1,"job_id":"job-d03bb0081e4a","private_bytes":7701716992,"process_threads":11,"protocol":"tv2-editorial/1","stage":"loaded_editorial_model","torch_threads":2}
{"event":"progress","fraction":0.255465414175918,"job_id":"job-d03bb0081e4a","protocol":"tv2-editorial/1","stage":"editorial_prefill"}
{"event":"progress","fraction":0.26093082835183606,"job_id":"job-d03bb0081e4a","protocol":"tv2-editorial/1","stage":"editorial_prefill"}
{"event":"progress","fraction":0.26639624252775407,"job_id":"job-d03bb0081e4a","protocol":"tv2-editorial/1","stage":"editorial_prefill"}
{"event":"progress","fraction":0.27186165670367207,"job_id":"job-d03bb0081e4a","protocol":"tv2-editorial/1","stage":"editorial_prefill"}
{"event":"progress","fraction":0.2773270708795901,"job_id":"job-d03bb0081e4a","protocol":"tv2-editorial/1","stage":"editorial_prefill"}
{"event":"progress","fraction":0.28279248505550814,"job_id":"job-d03bb0081e4a","protocol":"tv2-editorial/1","stage":"editorial_prefill"}
{"event":"progress","fraction":0.28825789923142614,"job_id":"job-d03bb0081e4a","protocol":"tv2-editorial/1","stage":"editorial_prefill"}
{"event":"progress","fraction":0.29372331340734414,"job_id":"job-d03bb0081e4a","protocol":"tv2-editorial/1","stage":"editorial_prefill"}
{"event":"progress","fraction":0.2991887275832622,"job_id":"job-d03bb0081e4a","protocol":"tv2-editorial/1","stage":"editorial_prefill"}
{"event":"progress","fraction":0.3,"job_id":"job-d03bb0081e4a","protocol":"tv2-editorial/1","stage":"editorial_prefill"}
{"event":"progress","fraction":0.3,"job_id":"job-d03bb0081e4a","prefill_chunk_tokens":256,"prefill_tokens":2342,"protocol":"tv2-editorial/1","stage":"editorial_inference"}
{"cached":false,"event":"progress","fraction":1.0,"job_id":"job-d03bb0081e4a","protocol":"tv2-editorial/1","stage":"editorial_complete"}
