{"event":"progress","fraction":0.1,"job_id":"job-244cfd309cd8","protocol":"tv2-editorial/1","stage":"load_editorial_model"}
{"event":"progress","fraction":0.10044378698224853,"job_id":"job-244cfd309cd8","protocol":"tv2-editorial/1","stage":"load_editorial_model"}
{"event":"progress","fraction":0.11775147928994084,"job_id":"job-244cfd309cd8","protocol":"tv2-editorial/1","stage":"load_editorial_model"}
{"event":"progress","fraction":0.13550295857988165,"job_id":"job-244cfd309cd8","protocol":"tv2-editorial/1","stage":"load_editorial_model"}
{"event":"progress","fraction":0.15325443786982249,"job_id":"job-244cfd309cd8","protocol":"tv2-editorial/1","stage":"load_editorial_model"}
{"event":"progress","fraction":0.17100591715976332,"job_id":"job-244cfd309cd8","protocol":"tv2-editorial/1","stage":"load_editorial_model"}
{"event":"progress","fraction":0.18875739644970413,"job_id":"job-244cfd309cd8","protocol":"tv2-editorial/1","stage":"load_editorial_model"}
{"event":"progress","fraction":0.20650887573964496,"job_id":"job-244cfd309cd8","protocol":"tv2-editorial/1","stage":"load_editorial_model"}
{"event":"progress","fraction":0.2242603550295858,"job_id":"job-244cfd309cd8","protocol":"tv2-editorial/1","stage":"load_editorial_model"}
{"event":"progress","fraction":0.2420118343195266,"job_id":"job-244cfd309cd8","protocol":"tv2-editorial/1","stage":"load_editorial_model"}
{"event":"progress","fraction":0.25,"job_id":"job-244cfd309cd8","protocol":"tv2-editorial/1","stage":"load_editorial_model"}
{"cpu_profile":"fp32-sdpa-omp2-mkl2-prefill256","event":"progress","fraction":0.25,"input_tokens":1981,"interop_threads":1,"job_id":"job-244cfd309cd8","private_bytes":7701852160,"process_threads":11,"protocol":"tv2-editorial/1","stage":"loaded_editorial_model","torch_threads":2}
{"event":"progress","fraction":0.25646464646464645,"job_id":"job-244cfd309cd8","protocol":"tv2-editorial/1","stage":"editorial_prefill"}
{"event":"progress","fraction":0.2629292929292929,"job_id":"job-244cfd309cd8","protocol":"tv2-editorial/1","stage":"editorial_prefill"}
{"event":"progress","fraction":0.2693939393939394,"job_id":"job-244cfd309cd8","protocol":"tv2-editorial/1","stage":"editorial_prefill"}
{"event":"progress","fraction":0.27585858585858586,"job_id":"job-244cfd309cd8","protocol":"tv2-editorial/1","stage":"editorial_prefill"}
{"event":"progress","fraction":0.2823232323232323,"job_id":"job-244cfd309cd8","protocol":"tv2-editorial/1","stage":"editorial_prefill"}
{"event":"progress","fraction":0.2887878787878788,"job_id":"job-244cfd309cd8","protocol":"tv2-editorial/1","stage":"editorial_prefill"}
{"event":"progress","fraction":0.29525252525252527,"job_id":"job-244cfd309cd8","protocol":"tv2-editorial/1","stage":"editorial_prefill"}
{"event":"progress","fraction":0.3,"job_id":"job-244cfd309cd8","protocol":"tv2-editorial/1","stage":"editorial_prefill"}
{"event":"progress","fraction":0.3,"job_id":"job-244cfd309cd8","prefill_chunk_tokens":256,"prefill_tokens":1980,"protocol":"tv2-editorial/1","stage":"editorial_inference"}
{"cached":false,"event":"progress","fraction":1.0,"job_id":"job-244cfd309cd8","protocol":"tv2-editorial/1","stage":"editorial_complete"}
