   Compiling unicode-ident v1.0.24
   Compiling log v0.4.34
   Compiling foldhash v0.2.0
   Compiling arrayvec v0.7.8
   Compiling simd-adler32 v0.3.10
   Compiling windows-result v0.4.1
   Compiling windows-strings v0.5.1
   Compiling adler2 v2.0.1
   Compiling stable_deref_trait v1.2.1
   Compiling serde_core v1.0.229
   Compiling libm v0.2.16
   Compiling windows-threading v0.2.1
   Compiling scopeguard v1.2.0
   Compiling crc32fast v1.5.1
   Compiling allocator-api2 v0.2.21
   Compiling raw-window-handle v0.6.2
   Compiling proc-macro2 v1.0.107
   Compiling hashbrown v0.17.1
   Compiling miniz_oxide v0.9.1
   Compiling lock_api v0.4.14
   Compiling tracing-core v0.1.36
   Compiling static_assertions v1.1.0
   Compiling polycool v0.4.0
   Compiling miniz_oxide v0.8.9
   Compiling fdeflate v0.3.7
   Compiling profiling v1.0.18
   Compiling hashbrown v0.16.1
   Compiling writeable v0.6.4
   Compiling rustc-hash v1.1.0
   Compiling litemap v0.8.3
   Compiling libloading v0.8.9
   Compiling unicode-width v0.2.2
   Compiling quote v1.0.47
   Compiling indexmap v2.14.2
   Compiling flate2 v1.1.10
   Compiling syn v3.0.5
   Compiling syn v2.0.119
   Compiling num-traits v0.2.19
   Compiling utf8_iter v1.0.4
   Compiling bit-vec v0.9.1
   Compiling linebender_resource_handle v0.1.1
   Compiling codespan-reporting v0.13.1
   Compiling fearless_simd v0.4.1
   Compiling unicode-segmentation v1.13.3
   Compiling bit-set v0.10.0
   Compiling euclid v0.22.14
   Compiling siphasher v1.0.3
   Compiling percent-encoding v2.3.2
   Compiling icu_normalizer_data v2.3.0
   Compiling windows_x86_64_msvc v0.52.6
   Compiling ash v0.38.0+1.3.281
   Compiling bitflags v2.13.1
   Compiling uuid v1.26.0
   Compiling icu_properties_data v2.3.0
   Compiling libc v0.2.189
   Compiling spirv v0.4.0+sdk-1.4.341.0
   Compiling windows-sys v0.61.2
   Compiling guillotiere v0.7.0
   Compiling zune-core v0.5.3
   Compiling byteorder-lite v0.1.0
   Compiling weezl v0.1.12
   Compiling presser v0.3.1
   Compiling quick-error v2.0.1
   Compiling color_quant v1.1.0
   Compiling pxfm v0.1.30
   Compiling khronos-egl v6.0.0
   Compiling image-webp v0.2.4
   Compiling zune-jpeg v0.5.15
   Compiling png v0.18.1
   Compiling gif v0.14.2
   Compiling windows-targets v0.52.6
   Compiling glutin_wgl_sys v0.6.1
   Compiling unicode-general-category v1.1.0
   Compiling typeid v1.0.3
   Compiling ordered-float v5.5.0
   Compiling renderdoc-sys v1.1.0
   Compiling range-alloc v0.1.5
   Compiling nohash-hasher v0.2.0
   Compiling self_cell v1.3.0
   Compiling glow v0.17.0
   Compiling zeroize v1.9.0
   Compiling epaint_default_fonts v0.36.1
   Compiling either v1.18.0
   Compiling rustls-pki-types v1.15.1
   Compiling windows-sys v0.52.0
   Compiling windows_x86_64_msvc v0.53.1
   Compiling getrandom v0.2.17
   Compiling itertools v0.15.0
   Compiling smol_str v0.2.2
   Compiling synstructure v0.13.2
   Compiling cursor-icon v1.2.0
   Compiling untrusted v0.9.0
   Compiling dpi v0.1.2
   Compiling float-cmp v0.9.0
   Compiling moxcms v0.8.1
   Compiling unicase v2.9.0
   Compiling strict-num v0.1.1
   Compiling ring v0.17.14
   Compiling phf_shared v0.11.3
   Compiling windows-targets v0.53.5
   Compiling form_urlencoded v1.2.2
   Compiling error-code v3.4.0
   Compiling bytes v1.12.1
   Compiling arrayref v0.3.9
   Compiling serde_json v1.0.151
   Compiling clipboard-win v5.4.1
   Compiling phf v0.11.3
   Compiling windows-sys v0.60.2
   Compiling rustls-webpki v0.103.15
   Compiling http v1.5.0
   Compiling httparse v1.10.1
   Compiling rustc-hash v2.1.3
   Compiling bitflags v1.3.2
   Compiling base64 v0.23.1
   Compiling subtle v2.6.1
   Compiling web-time v1.1.0
   Compiling rustls v0.23.44
   Compiling ureq-proto v0.6.2
   Compiling png v0.17.16
   Compiling type-map v0.5.1
   Compiling mime_guess2 v2.3.1
   Compiling webpki-roots v1.0.9
   Compiling simplecss v0.2.2
   Compiling base64 v0.22.1
   Compiling data-url v0.3.2
   Compiling xmlwriter v0.1.0
   Compiling imagesize v0.13.0
   Compiling regex-syntax v0.8.11
   Compiling roxmltree v0.20.0
   Compiling pico-args v0.5.0
   Compiling utf8-zero v0.8.1
   Compiling winnow v1.0.4
   Compiling ureq v3.4.1
   Compiling toml_parser v1.1.3+spec-1.1.0
   Compiling regex-automata v0.4.18
   Compiling tempfile v3.27.0
   Compiling crossbeam-utils v0.8.23
   Compiling serde_spanned v1.1.1
   Compiling toml_datetime v1.1.1+spec-1.1.0
   Compiling lazy_static v1.5.0
   Compiling pollster v1.0.1
   Compiling dasp_sample v0.11.0
   Compiling mime v0.3.17
   Compiling crossbeam-channel v0.5.17
   Compiling toml v1.1.5+spec-1.1.0
   Compiling sharded-slab v0.1.7
   Compiling ehttp v0.7.1
   Compiling nu-ansi-term v0.50.3
   Compiling tracing-log v0.2.0
   Compiling thread_local v1.1.10
   Compiling rfd v0.17.2
   Compiling anyhow v1.0.104
   Compiling matchers v0.2.0
   Compiling serde_derive v1.0.229
   Compiling bytemuck_derive v1.12.0
   Compiling thiserror-impl v2.0.20
   Compiling zerovec-derive v0.11.6
   Compiling displaydoc v0.2.7
   Compiling zerofrom-derive v0.1.7
   Compiling windows-implement v0.60.2
   Compiling windows-interface v0.59.3
   Compiling yoke-derive v0.8.2
   Compiling zerocopy-derive v0.8.56
   Compiling bytemuck v1.25.2
   Compiling enumn v0.1.14
   Compiling tracing-attributes v0.1.31
   Compiling color v0.3.3
   Compiling image v0.25.10
   Compiling tiny-skia-path v0.11.4
   Compiling thiserror v2.0.20
   Compiling naga-types v30.0.1
   Compiling wgpu-types v30.0.1
   Compiling tiny-skia v0.11.4
   Compiling rgb v0.8.53
   Compiling enum-map-derive v0.17.0
   Compiling arboard v3.6.1
   Compiling serde v1.0.229
   Compiling smallvec v1.16.0
   Compiling accesskit v0.24.1
   Compiling windows-core v0.62.2
   Compiling parking_lot_core v0.9.12
   Compiling parking_lot v0.12.5
   Compiling windows-numerics v0.3.1
   Compiling windows-future v0.3.2
   Compiling windows-collections v0.3.2
   Compiling kurbo v0.13.1
   Compiling windows v0.62.2
   Compiling font-types v0.12.4
   Compiling emath v0.36.1
   Compiling accesskit_consumer v0.35.0
   Compiling peniko v0.6.1
   Compiling zerofrom v0.1.8
   Compiling read-fonts v0.41.0
   Compiling vello_common v0.1.0
   Compiling ecolor v0.36.1
   Compiling ron v0.12.2
   Compiling kurbo v0.11.3
   Compiling tv2-domain v2.0.0-alpha.2 (C:\Users\gabri\Todo\transcriber-v2\crates\domain)
   Compiling yoke v0.8.3
   Compiling zerovec v0.11.8
   Compiling zerocopy v0.8.56
   Compiling zerotrie v0.2.5
   Compiling tinystr v0.8.4
   Compiling potential_utf v0.1.6
   Compiling icu_locale_core v2.3.0
   Compiling icu_collections v2.3.0
   Compiling vello_cpu v0.1.0
   Compiling svgtypes v0.15.3
   Compiling tracing v0.1.44
   Compiling icu_provider v2.3.1
   Compiling icu_normalizer v2.3.0
   Compiling icu_properties v2.3.0
   Compiling winit v0.30.13
   Compiling usvg v0.45.1
   Compiling enum-map v2.7.3
   Compiling kittest v0.4.0
   Compiling idna_adapter v1.2.2
   Compiling idna v1.1.0
   Compiling resvg v0.45.1
   Compiling half v2.7.1
   Compiling ahash v0.8.12
   Compiling url v2.5.8
   Compiling naga v30.0.1
   Compiling tracing-subscriber v0.3.23
   Compiling tv2-v1compat v2.0.0-alpha.2 (C:\Users\gabri\Todo\transcriber-v2\crates\v1compat)
   Compiling harfrust v0.12.0
   Compiling skrifa v0.44.0
   Compiling webbrowser v1.2.4
   Compiling tv2-application v2.0.0-alpha.2 (C:\Users\gabri\Todo\transcriber-v2\crates\application)
   Compiling epaint v0.36.1
   Compiling egui v0.36.1
   Compiling wgpu-naga-bridge v30.0.1
   Compiling egui_extras v0.36.1
   Compiling gpu-allocator v0.28.0
   Compiling accesskit_windows v0.32.1
   Compiling cpal v0.18.2
   Compiling wgpu-hal v30.0.1
   Compiling accesskit_winit v0.32.2
   Compiling tv2-media v2.0.0-alpha.2 (C:\Users\gabri\Todo\transcriber-v2\crates\media)
   Compiling egui-winit v0.36.1
   Compiling wgpu-core-deps-windows-linux-android v30.0.1
   Compiling wgpu-core v30.0.1
   Compiling wgpu v30.0.1
   Compiling egui-wgpu v0.36.1
   Compiling eframe v0.36.1
   Compiling egui_kittest v0.36.1
   Compiling transcriptor v2.0.0-alpha.2 (C:\Users\gabri\Todo\transcriber-v2\apps\desktop)
    Finished `test` profile [optimized + debuginfo] target(s) in 7m 17s
     Running unittests src\main.rs (target\debug\deps\Transcriptor-b8eae128006990bc.exe)
error: test failed, to rerun pass `-p transcriptor --bin Transcriptor`

Caused by:
  could not execute process `C:\Users\gabri\Todo\transcriber-v2\target\debug\deps\Transcriptor-b8eae128006990bc.exe keymap::tests` (never executed)

Caused by:
  Una directiva de Control de aplicaciones bloqueó este archivo. (os error 4551)
