   Compiling proc-macro2 v1.0.107
   Compiling quote v1.0.47
   Compiling serde_core v1.0.229
   Compiling serde v1.0.229
   Compiling libm v0.2.16
   Compiling thiserror v2.0.20
   Compiling num-traits v0.2.19
   Compiling crc32fast v1.5.1
   Compiling zerocopy v0.8.56
    Checking indexmap v2.14.2
   Compiling parking_lot_core v0.9.12
   Compiling khronos_api v3.1.0
    Checking hashbrown v0.16.1
    Checking tracing-core v0.1.36
    Checking static_assertions v1.1.0
    Checking fdeflate v0.3.7
    Checking miniz_oxide v0.8.9
    Checking polycool v0.4.0
error: linking with `link.exe` failed: exit code: 1181
  |
  = note: "C:\\Program Files\\Microsoft Visual Studio\\18\\Community\\VC\\Tools\\MSVC\\14.51.36231\\bin\\HostX64\\x64\\link.exe" "/NOLOGO" "C:\\Users\\gabri\\Todo\\transcriber-v2\\target\\debug\\build\\khronos_api-6b9fe4f592100fc3\\rustc5ucs0j\\symbols.o" "<2 object files omitted>" "<sysroot>\\lib\\rustlib\\x86_64-pc-windows-msvc\\lib/{libstd-*,libpanic_unwind-*,libcfg_if-*,libwindows_link-*,librustc_demangle-*,libstd_detect-*,libhashbrown-*,librustc_std_workspace_alloc-*,libunwind-*,librustc_std_workspace_core-*,liballoc-*,libcore-*,libcompiler_builtins-*}.rlib" "kernel32.lib" "kernel32.lib" "kernel32.lib" "ntdll.lib" "userenv.lib" "ws2_32.lib" "dbghelp.lib" "/defaultlib:msvcrt" "/NXCOMPAT" "/OUT:C:\\Users\\gabri\\Todo\\transcriber-v2\\target\\debug\\build\\khronos_api-6b9fe4f592100fc3\\build_script_build-6b9fe4f592100fc3.exe" "/OPT:REF,ICF" "/DEBUG" "/PDBALTPATH:%_PDB%" "/NATVIS:<sysroot>\\lib\\rustlib\\etc\\intrinsic.natvis" "/NATVIS:<sysroot>\\lib\\rustlib\\etc\\liballoc.natvis" "/NATVIS:<sysroot>\\lib\\rustlib\\etc\\libcore.natvis" "/NATVIS:<sysroot>\\lib\\rustlib\\etc\\libstd.natvis"
  = note: some arguments are omitted. use `--verbose` to show all linker arguments
  = note: LINK : fatal error LNK1181: no se puede abrir el archivo de entrada 'kernel32.lib'


error: linking with `link.exe` failed: exit code: 1181
  |
  = note: "C:\\Program Files\\Microsoft Visual Studio\\18\\Community\\VC\\Tools\\MSVC\\14.51.36231\\bin\\HostX64\\x64\\link.exe" "/NOLOGO" "C:\\Users\\gabri\\Todo\\transcriber-v2\\target\\debug\\build\\quote-b45db901c83f0561\\rustcQY0Ams\\symbols.o" "<2 object files omitted>" "<sysroot>\\lib\\rustlib\\x86_64-pc-windows-msvc\\lib/{libstd-*,libpanic_unwind-*,libcfg_if-*,libwindows_link-*,librustc_demangle-*,libstd_detect-*,libhashbrown-*,librustc_std_workspace_alloc-*,libunwind-*,librustc_std_workspace_core-*,liballoc-*,libcore-*,libcompiler_builtins-*}.rlib" "kernel32.lib" "kernel32.lib" "kernel32.lib" "ntdll.lib" "userenv.lib" "ws2_32.lib" "dbghelp.lib" "/defaultlib:msvcrt" "/NXCOMPAT" "/OUT:C:\\Users\\gabri\\Todo\\transcriber-v2\\target\\debug\\build\\quote-b45db901c83f0561\\build_script_build-b45db901c83f0561.exe" "/OPT:REF,ICF" "/DEBUG" "/PDBALTPATH:%_PDB%" "/NATVIS:<sysroot>\\lib\\rustlib\\etc\\intrinsic.natvis" "/NATVIS:<sysroot>\\lib\\rustlib\\etc\\liballoc.natvis" "/NATVIS:<sysroot>\\lib\\rustlib\\etc\\libcore.natvis" "/NATVIS:<sysroot>\\lib\\rustlib\\etc\\libstd.natvis"
  = note: some arguments are omitted. use `--verbose` to show all linker arguments
  = note: LINK : fatal error LNK1181: no se puede abrir el archivo de entrada 'kernel32.lib'


error: could not compile `khronos_api` (build script) due to 1 previous error
warning: build failed, waiting for other jobs to finish...
error: linking with `link.exe` failed: exit code: 1181
  |
  = note: "C:\\Program Files\\Microsoft Visual Studio\\18\\Community\\VC\\Tools\\MSVC\\14.51.36231\\bin\\HostX64\\x64\\link.exe" "/NOLOGO" "C:\\Users\\gabri\\Todo\\transcriber-v2\\target\\debug\\build\\parking_lot_core-7eb9b98814aeffff\\rustcbu9CPq\\symbols.o" "<2 object files omitted>" "<sysroot>\\lib\\rustlib\\x86_64-pc-windows-msvc\\lib/{libstd-*,libpanic_unwind-*,libcfg_if-*,libwindows_link-*,librustc_demangle-*,libstd_detect-*,libhashbrown-*,librustc_std_workspace_alloc-*,libunwind-*,librustc_std_workspace_core-*,liballoc-*,libcore-*,libcompiler_builtins-*}.rlib" "kernel32.lib" "kernel32.lib" "kernel32.lib" "ntdll.lib" "userenv.lib" "ws2_32.lib" "dbghelp.lib" "/defaultlib:msvcrt" "/NXCOMPAT" "/OUT:C:\\Users\\gabri\\Todo\\transcriber-v2\\target\\debug\\build\\parking_lot_core-7eb9b98814aeffff\\build_script_build-7eb9b98814aeffff.exe" "/OPT:REF,ICF" "/DEBUG" "/PDBALTPATH:%_PDB%" "/NATVIS:<sysroot>\\lib\\rustlib\\etc\\intrinsic.natvis" "/NATVIS:<sysroot>\\lib\\rustlib\\etc\\liballoc.natvis" "/NATVIS:<sysroot>\\lib\\rustlib\\etc\\libcore.natvis" "/NATVIS:<sysroot>\\lib\\rustlib\\etc\\libstd.natvis"
  = note: some arguments are omitted. use `--verbose` to show all linker arguments
  = note: LINK : fatal error LNK1181: no se puede abrir el archivo de entrada 'kernel32.lib'


error: could not compile `quote` (build script) due to 1 previous error
error: linking with `link.exe` failed: exit code: 1181
  |
  = note: "C:\\Program Files\\Microsoft Visual Studio\\18\\Community\\VC\\Tools\\MSVC\\14.51.36231\\bin\\HostX64\\x64\\link.exe" "/NOLOGO" "C:\\Users\\gabri\\Todo\\transcriber-v2\\target\\debug\\build\\num-traits-41cbb11a1bf800f9\\rustcLdMNhE\\symbols.o" "<2 object files omitted>" "C:\\Users\\gabri\\Todo\\transcriber-v2\\target\\debug\\deps/libautocfg-8442550951c30a89.rlib" "<sysroot>\\lib\\rustlib\\x86_64-pc-windows-msvc\\lib/{libstd-*,libpanic_unwind-*,libcfg_if-*,libwindows_link-*,librustc_demangle-*,libstd_detect-*,libhashbrown-*,librustc_std_workspace_alloc-*,libunwind-*,librustc_std_workspace_core-*,liballoc-*,libcore-*,libcompiler_builtins-*}.rlib" "kernel32.lib" "kernel32.lib" "kernel32.lib" "ntdll.lib" "userenv.lib" "ws2_32.lib" "dbghelp.lib" "/defaultlib:msvcrt" "/NXCOMPAT" "/OUT:C:\\Users\\gabri\\Todo\\transcriber-v2\\target\\debug\\build\\num-traits-41cbb11a1bf800f9\\build_script_build-41cbb11a1bf800f9.exe" "/OPT:REF,ICF" "/DEBUG" "/PDBALTPATH:%_PDB%" "/NATVIS:<sysroot>\\lib\\rustlib\\etc\\intrinsic.natvis" "/NATVIS:<sysroot>\\lib\\rustlib\\etc\\liballoc.natvis" "/NATVIS:<sysroot>\\lib\\rustlib\\etc\\libcore.natvis" "/NATVIS:<sysroot>\\lib\\rustlib\\etc\\libstd.natvis"
  = note: some arguments are omitted. use `--verbose` to show all linker arguments
  = note: LINK : fatal error LNK1181: no se puede abrir el archivo de entrada 'kernel32.lib'


error: could not compile `parking_lot_core` (build script) due to 1 previous error
error: linking with `link.exe` failed: exit code: 1181
  |
  = note: "C:\\Program Files\\Microsoft Visual Studio\\18\\Community\\VC\\Tools\\MSVC\\14.51.36231\\bin\\HostX64\\x64\\link.exe" "/NOLOGO" "C:\\Users\\gabri\\Todo\\transcriber-v2\\target\\debug\\build\\crc32fast-3c3a5bdbb252f45c\\rustcqt123o\\symbols.o" "<2 object files omitted>" "<sysroot>\\lib\\rustlib\\x86_64-pc-windows-msvc\\lib/{libstd-*,libpanic_unwind-*,libcfg_if-*,libwindows_link-*,librustc_demangle-*,libstd_detect-*,libhashbrown-*,librustc_std_workspace_alloc-*,libunwind-*,librustc_std_workspace_core-*,liballoc-*,libcore-*,libcompiler_builtins-*}.rlib" "kernel32.lib" "kernel32.lib" "kernel32.lib" "ntdll.lib" "userenv.lib" "ws2_32.lib" "dbghelp.lib" "/defaultlib:msvcrt" "/NXCOMPAT" "/OUT:C:\\Users\\gabri\\Todo\\transcriber-v2\\target\\debug\\build\\crc32fast-3c3a5bdbb252f45c\\build_script_build-3c3a5bdbb252f45c.exe" "/OPT:REF,ICF" "/DEBUG" "/PDBALTPATH:%_PDB%" "/NATVIS:<sysroot>\\lib\\rustlib\\etc\\intrinsic.natvis" "/NATVIS:<sysroot>\\lib\\rustlib\\etc\\liballoc.natvis" "/NATVIS:<sysroot>\\lib\\rustlib\\etc\\libcore.natvis" "/NATVIS:<sysroot>\\lib\\rustlib\\etc\\libstd.natvis"
  = note: some arguments are omitted. use `--verbose` to show all linker arguments
  = note: LINK : fatal error LNK1181: no se puede abrir el archivo de entrada 'kernel32.lib'


error: could not compile `num-traits` (build script) due to 1 previous error
error: could not compile `crc32fast` (build script) due to 1 previous error
error: linking with `link.exe` failed: exit code: 1181
  |
  = note: "C:\\Program Files\\Microsoft Visual Studio\\18\\Community\\VC\\Tools\\MSVC\\14.51.36231\\bin\\HostX64\\x64\\link.exe" "/NOLOGO" "C:\\Users\\gabri\\Todo\\transcriber-v2\\target\\debug\\build\\libm-95c828675810c22d\\rustcXxSiCV\\symbols.o" "<3 object files omitted>" "<sysroot>\\lib\\rustlib\\x86_64-pc-windows-msvc\\lib/{libstd-*,libpanic_unwind-*,libcfg_if-*,libwindows_link-*,librustc_demangle-*,libstd_detect-*,libhashbrown-*,librustc_std_workspace_alloc-*,libunwind-*,librustc_std_workspace_core-*,liballoc-*,libcore-*,libcompiler_builtins-*}.rlib" "kernel32.lib" "kernel32.lib" "kernel32.lib" "ntdll.lib" "userenv.lib" "ws2_32.lib" "dbghelp.lib" "/defaultlib:msvcrt" "/NXCOMPAT" "/OUT:C:\\Users\\gabri\\Todo\\transcriber-v2\\target\\debug\\build\\libm-95c828675810c22d\\build_script_build-95c828675810c22d.exe" "/OPT:REF,ICF" "/DEBUG" "/PDBALTPATH:%_PDB%" "/NATVIS:<sysroot>\\lib\\rustlib\\etc\\intrinsic.natvis" "/NATVIS:<sysroot>\\lib\\rustlib\\etc\\liballoc.natvis" "/NATVIS:<sysroot>\\lib\\rustlib\\etc\\libcore.natvis" "/NATVIS:<sysroot>\\lib\\rustlib\\etc\\libstd.natvis"
  = note: some arguments are omitted. use `--verbose` to show all linker arguments
  = note: LINK : fatal error LNK1181: no se puede abrir el archivo de entrada 'kernel32.lib'


error: could not compile `libm` (build script) due to 1 previous error
error: linking with `link.exe` failed: exit code: 1181
  |
  = note: "C:\\Program Files\\Microsoft Visual Studio\\18\\Community\\VC\\Tools\\MSVC\\14.51.36231\\bin\\HostX64\\x64\\link.exe" "/NOLOGO" "C:\\Users\\gabri\\Todo\\transcriber-v2\\target\\debug\\build\\serde_core-55fa9edfe27b973a\\rustcqr8I2a\\symbols.o" "<2 object files omitted>" "<sysroot>\\lib\\rustlib\\x86_64-pc-windows-msvc\\lib/{libstd-*,libpanic_unwind-*,libcfg_if-*,libwindows_link-*,librustc_demangle-*,libstd_detect-*,libhashbrown-*,librustc_std_workspace_alloc-*,libunwind-*,librustc_std_workspace_core-*,liballoc-*,libcore-*,libcompiler_builtins-*}.rlib" "kernel32.lib" "kernel32.lib" "kernel32.lib" "ntdll.lib" "userenv.lib" "ws2_32.lib" "dbghelp.lib" "/defaultlib:msvcrt" "/NXCOMPAT" "/OUT:C:\\Users\\gabri\\Todo\\transcriber-v2\\target\\debug\\build\\serde_core-55fa9edfe27b973a\\build_script_build-55fa9edfe27b973a.exe" "/OPT:REF,ICF" "/DEBUG" "/PDBALTPATH:%_PDB%" "/NATVIS:<sysroot>\\lib\\rustlib\\etc\\intrinsic.natvis" "/NATVIS:<sysroot>\\lib\\rustlib\\etc\\liballoc.natvis" "/NATVIS:<sysroot>\\lib\\rustlib\\etc\\libcore.natvis" "/NATVIS:<sysroot>\\lib\\rustlib\\etc\\libstd.natvis"
  = note: some arguments are omitted. use `--verbose` to show all linker arguments
  = note: LINK : fatal error LNK1181: no se puede abrir el archivo de entrada 'kernel32.lib'


error: could not compile `serde_core` (build script) due to 1 previous error
error: linking with `link.exe` failed: exit code: 1181
  |
  = note: "C:\\Program Files\\Microsoft Visual Studio\\18\\Community\\VC\\Tools\\MSVC\\14.51.36231\\bin\\HostX64\\x64\\link.exe" "/NOLOGO" "C:\\Users\\gabri\\Todo\\transcriber-v2\\target\\debug\\build\\proc-macro2-df02c58e1f2caf36\\rustcB2hNGF\\symbols.o" "<2 object files omitted>" "<sysroot>\\lib\\rustlib\\x86_64-pc-windows-msvc\\lib/{libstd-*,libpanic_unwind-*,libcfg_if-*,libwindows_link-*,librustc_demangle-*,libstd_detect-*,libhashbrown-*,librustc_std_workspace_alloc-*,libunwind-*,librustc_std_workspace_core-*,liballoc-*,libcore-*,libcompiler_builtins-*}.rlib" "kernel32.lib" "kernel32.lib" "kernel32.lib" "ntdll.lib" "userenv.lib" "ws2_32.lib" "dbghelp.lib" "/defaultlib:msvcrt" "/NXCOMPAT" "/OUT:C:\\Users\\gabri\\Todo\\transcriber-v2\\target\\debug\\build\\proc-macro2-df02c58e1f2caf36\\build_script_build-df02c58e1f2caf36.exe" "/OPT:REF,ICF" "/DEBUG" "/PDBALTPATH:%_PDB%" "/NATVIS:<sysroot>\\lib\\rustlib\\etc\\intrinsic.natvis" "/NATVIS:<sysroot>\\lib\\rustlib\\etc\\liballoc.natvis" "/NATVIS:<sysroot>\\lib\\rustlib\\etc\\libcore.natvis" "/NATVIS:<sysroot>\\lib\\rustlib\\etc\\libstd.natvis"
  = note: some arguments are omitted. use `--verbose` to show all linker arguments
  = note: LINK : fatal error LNK1181: no se puede abrir el archivo de entrada 'kernel32.lib'


error: linking with `link.exe` failed: exit code: 1181
  |
  = note: "C:\\Program Files\\Microsoft Visual Studio\\18\\Community\\VC\\Tools\\MSVC\\14.51.36231\\bin\\HostX64\\x64\\link.exe" "/NOLOGO" "C:\\Users\\gabri\\Todo\\transcriber-v2\\target\\debug\\build\\serde-ff3aba57e7e52be8\\rustcRAvDTI\\symbols.o" "<2 object files omitted>" "<sysroot>\\lib\\rustlib\\x86_64-pc-windows-msvc\\lib/{libstd-*,libpanic_unwind-*,libcfg_if-*,libwindows_link-*,librustc_demangle-*,libstd_detect-*,libhashbrown-*,librustc_std_workspace_alloc-*,libunwind-*,librustc_std_workspace_core-*,liballoc-*,libcore-*,libcompiler_builtins-*}.rlib" "kernel32.lib" "kernel32.lib" "kernel32.lib" "ntdll.lib" "userenv.lib" "ws2_32.lib" "dbghelp.lib" "/defaultlib:msvcrt" "/NXCOMPAT" "/OUT:C:\\Users\\gabri\\Todo\\transcriber-v2\\target\\debug\\build\\serde-ff3aba57e7e52be8\\build_script_build-ff3aba57e7e52be8.exe" "/OPT:REF,ICF" "/DEBUG" "/PDBALTPATH:%_PDB%" "/NATVIS:<sysroot>\\lib\\rustlib\\etc\\intrinsic.natvis" "/NATVIS:<sysroot>\\lib\\rustlib\\etc\\liballoc.natvis" "/NATVIS:<sysroot>\\lib\\rustlib\\etc\\libcore.natvis" "/NATVIS:<sysroot>\\lib\\rustlib\\etc\\libstd.natvis"
  = note: some arguments are omitted. use `--verbose` to show all linker arguments
  = note: LINK : fatal error LNK1181: no se puede abrir el archivo de entrada 'kernel32.lib'


error: could not compile `proc-macro2` (build script) due to 1 previous error
error: could not compile `serde` (build script) due to 1 previous error
error: linking with `link.exe` failed: exit code: 1181
  |
  = note: "C:\\Program Files\\Microsoft Visual Studio\\18\\Community\\VC\\Tools\\MSVC\\14.51.36231\\bin\\HostX64\\x64\\link.exe" "/NOLOGO" "C:\\Users\\gabri\\Todo\\transcriber-v2\\target\\debug\\build\\thiserror-5403be5334d812c9\\rustc6sAliO\\symbols.o" "<3 object files omitted>" "<sysroot>\\lib\\rustlib\\x86_64-pc-windows-msvc\\lib/{libstd-*,libpanic_unwind-*,libcfg_if-*,libwindows_link-*,librustc_demangle-*,libstd_detect-*,libhashbrown-*,librustc_std_workspace_alloc-*,libunwind-*,librustc_std_workspace_core-*,liballoc-*,libcore-*,libcompiler_builtins-*}.rlib" "kernel32.lib" "kernel32.lib" "kernel32.lib" "ntdll.lib" "userenv.lib" "ws2_32.lib" "dbghelp.lib" "/defaultlib:msvcrt" "/NXCOMPAT" "/OUT:C:\\Users\\gabri\\Todo\\transcriber-v2\\target\\debug\\build\\thiserror-5403be5334d812c9\\build_script_build-5403be5334d812c9.exe" "/OPT:REF,ICF" "/DEBUG" "/PDBALTPATH:%_PDB%" "/NATVIS:<sysroot>\\lib\\rustlib\\etc\\intrinsic.natvis" "/NATVIS:<sysroot>\\lib\\rustlib\\etc\\liballoc.natvis" "/NATVIS:<sysroot>\\lib\\rustlib\\etc\\libcore.natvis" "/NATVIS:<sysroot>\\lib\\rustlib\\etc\\libstd.natvis"
  = note: some arguments are omitted. use `--verbose` to show all linker arguments
  = note: LINK : fatal error LNK1181: no se puede abrir el archivo de entrada 'kernel32.lib'


error: could not compile `thiserror` (build script) due to 1 previous error
error: linking with `link.exe` failed: exit code: 1181
  |
  = note: "C:\\Program Files\\Microsoft Visual Studio\\18\\Community\\VC\\Tools\\MSVC\\14.51.36231\\bin\\HostX64\\x64\\link.exe" "/NOLOGO" "C:\\Users\\gabri\\Todo\\transcriber-v2\\target\\debug\\build\\zerocopy-65f108ce33288ed0\\rustc0iNvj6\\symbols.o" "<3 object files omitted>" "<sysroot>\\lib\\rustlib\\x86_64-pc-windows-msvc\\lib/{libstd-*,libpanic_unwind-*,libcfg_if-*,libwindows_link-*,librustc_demangle-*,libstd_detect-*,libhashbrown-*,librustc_std_workspace_alloc-*,libunwind-*,librustc_std_workspace_core-*,liballoc-*,libcore-*,libcompiler_builtins-*}.rlib" "kernel32.lib" "kernel32.lib" "kernel32.lib" "ntdll.lib" "userenv.lib" "ws2_32.lib" "dbghelp.lib" "/defaultlib:msvcrt" "/NXCOMPAT" "/OUT:C:\\Users\\gabri\\Todo\\transcriber-v2\\target\\debug\\build\\zerocopy-65f108ce33288ed0\\build_script_build-65f108ce33288ed0.exe" "/OPT:REF,ICF" "/DEBUG" "/PDBALTPATH:%_PDB%" "/NATVIS:<sysroot>\\lib\\rustlib\\etc\\intrinsic.natvis" "/NATVIS:<sysroot>\\lib\\rustlib\\etc\\liballoc.natvis" "/NATVIS:<sysroot>\\lib\\rustlib\\etc\\libcore.natvis" "/NATVIS:<sysroot>\\lib\\rustlib\\etc\\libstd.natvis"
  = note: some arguments are omitted. use `--verbose` to show all linker arguments
  = note: LINK : fatal error LNK1181: no se puede abrir el archivo de entrada 'kernel32.lib'


error: could not compile `zerocopy` (build script) due to 1 previous error
