   Compiling proc-macro2 v1.0.107
   Compiling unicode-ident v1.0.24
   Compiling quote v1.0.47
   Compiling serde_core v1.0.229
   Compiling serde v1.0.229
   Compiling cfg-if v1.0.4
   Compiling windows-link v0.2.1
   Compiling once_cell v1.21.4
   Compiling log v0.4.34
   Compiling foldhash v0.2.0
   Compiling autocfg v1.5.1
   Compiling libm v0.2.16
   Compiling thiserror v2.0.20
   Compiling equivalent v1.0.2
   Compiling arrayvec v0.7.8
   Compiling cfg_aliases v0.2.2
   Compiling windows-strings v0.5.1
   Compiling windows-result v0.4.1
   Compiling simd-adler32 v0.3.10
   Compiling adler2 v2.0.1
   Compiling crc32fast v1.5.1
   Compiling hashbrown v0.17.1
   Compiling zerocopy v0.8.56
   Compiling stable_deref_trait v1.2.1
   Compiling miniz_oxide v0.9.1
   Compiling windows-threading v0.2.1
   Compiling parking_lot_core v0.9.12
   Compiling scopeguard v1.2.0
   Compiling num-traits v0.2.19
   Compiling tracing-core v0.1.36
   Compiling indexmap v2.14.2
   Compiling pin-project-lite v0.2.17
   Compiling raw-window-handle v0.6.2
   Compiling khronos_api v3.1.0
   Compiling allocator-api2 v0.2.21
   Compiling itoa v1.0.18
   Compiling lock_api v0.4.14
   Compiling fdeflate v0.3.7
   Compiling miniz_oxide v0.8.9
   Compiling static_assertions v1.1.0
   Compiling flate2 v1.1.10
   Compiling typenum v1.20.1
   Compiling polycool v0.4.0
   Compiling hashbrown v0.16.1
   Compiling rustc-hash v1.1.0
   Compiling find-msvc-tools v0.1.12
   Compiling litemap v0.8.3
   Compiling bitflags v2.13.1
   Compiling xml-rs v0.8.29
   Compiling rand_core v0.10.1
   Compiling profiling v1.0.18
   Compiling shlex v2.0.1
   Compiling getrandom v0.4.3
   Compiling writeable v0.6.4
   Compiling uuid v1.26.0
   Compiling naga v30.0.1
   Compiling syn v3.0.5
   Compiling syn v2.0.119
   Compiling libloading v0.8.9
   Compiling windows-sys v0.61.2
   Compiling bit-vec v0.9.1
   Compiling libc v0.2.189
   Compiling utf8_iter v1.0.4
   Compiling unicode-width v0.2.2
   Compiling cc v1.4.5
   Compiling ash v0.38.0+1.3.281
   Compiling version_check v0.9.5
   Compiling hybrid-array v0.4.14
   Compiling euclid v0.22.14
   Compiling gl_generator v0.14.0
   Compiling icu_normalizer_data v2.3.0
   Compiling cpufeatures v0.3.1
   Compiling zmij v1.0.23
   Compiling linebender_resource_handle v0.1.1
   Compiling windows_x86_64_msvc v0.52.6
   Compiling icu_properties_data v2.3.0
   Compiling codespan-reporting v0.13.1
   Compiling bit-set v0.10.0
   Compiling ahash v0.8.12
   Compiling crypto-common v0.2.2
   Compiling glutin_wgl_sys v0.6.1
   Compiling guillotiere v0.7.0
   Compiling serde_derive v1.0.229
   Compiling bytemuck_derive v1.12.0
   Compiling thiserror-impl v2.0.20
   Compiling synstructure v0.13.2
   Compiling zerovec-derive v0.11.6
   Compiling displaydoc v0.2.7
   Compiling windows-interface v0.59.3
   Compiling windows-implement v0.60.2
   Compiling zerocopy-derive v0.8.56
error: failed to run custom build command for `windows_x86_64_msvc v0.52.6`

Caused by:
  could not execute process `C:\Users\gabri\Todo\transcriber-v2\target/perf-lod\release\build\windows_x86_64_msvc-fc5d89a3113d6f0b\build-script-build` (never executed)

Caused by:
  Una directiva de Control de aplicaciones bloqueó este archivo. (os error 4551)
warning: build failed, waiting for other jobs to finish...
