{
  "directory": "G:\\TODO\\transcriptor-v2\\dist\\Transcriptor V2 prueba ñ 20260908-105323",
  "archive": "G:\\TODO\\transcriptor-v2\\dist\\Transcriptor V2 prueba ñ 20260908-105323.zip",
  "archive_bytes": 85519822,
  "editor_bytes": 21242880,
  "package_bytes": 225572556,
  "sha256": "9daa9909d6778cfd118a2aa84dfaaf579ace09539f9ec182f9cbb20cc86caeeb",
  "schema": "transcriptor-package/1",
  "build": "20260908-105323",
  "stage": "E2 provisional",
  "platform": "windows-x86_64",
  "clean_windows_tested": false,
  "rust_dependencies_inventoried": 293,
  "dependency_notices_missing": [
    "accesskit",
    "accesskit_consumer",
    "accesskit_windows",
    "accesskit_winit",
    "clipboard-win",
    "dasp_sample",
    "ecolor",
    "eframe",
    "egui",
    "egui-wgpu",
    "egui-winit",
    "egui_extras",
    "egui_glow",
    "egui_kittest",
    "ehttp",
    "emath",
    "enum-map",
    "enum-map-derive",
    "epaint",
    "epaint_default_fonts",
    "gl_generator",
    "khronos_api",
    "profiling",
    "spirv"
  ]
}
