{
  "directory": "G:\\TODO\\transcriptor-v2\\dist\\Transcriptor V2 prueba ñ 20260908-155549",
  "archive": "G:\\TODO\\transcriptor-v2\\dist\\Transcriptor V2 prueba ñ 20260908-155549.zip",
  "archive_bytes": 85530509,
  "editor_bytes": 21279744,
  "package_bytes": 225609438,
  "sha256": "f13559eb252f349131a3077ddffb73925b119bb344380a66222813805a309a23",
  "schema": "transcriptor-package/1",
  "build": "20260908-155549",
  "stage": "E2 provisional",
  "platform": "windows-x86_64",
  "clean_windows_tested": false,
  "rust_dependencies_inventoried": 293,
  "dependency_notices_missing": [
    "accesskit",
    "accesskit_consumer",
    "accesskit_windows",
    "accesskit_winit",
    "clipboard-win",
    "dasp_sample",
    "ecolor",
    "eframe",
    "egui",
    "egui-wgpu",
    "egui-winit",
    "egui_extras",
    "egui_glow",
    "egui_kittest",
    "ehttp",
    "emath",
    "enum-map",
    "enum-map-derive",
    "epaint",
    "epaint_default_fonts",
    "gl_generator",
    "khronos_api",
    "profiling",
    "spirv"
  ]
}
