{
  "directory": "G:\\TODO\\transcriptor-v2\\dist\\Transcriptor V2 prueba ñ 20260908-160510",
  "archive": "G:\\TODO\\transcriptor-v2\\dist\\Transcriptor V2 prueba ñ 20260908-160510.zip",
  "archive_bytes": 85541598,
  "editor_bytes": 21303808,
  "package_bytes": 225633502,
  "sha256": "af2503b08f867bdf0a3fbb6470e49280be857028e16425e40a33446223d8a02f",
  "schema": "transcriptor-package/1",
  "build": "20260908-160510",
  "stage": "E2 provisional",
  "platform": "windows-x86_64",
  "clean_windows_tested": false,
  "rust_dependencies_inventoried": 293,
  "dependency_notices_missing": [
    "accesskit",
    "accesskit_consumer",
    "accesskit_windows",
    "accesskit_winit",
    "clipboard-win",
    "dasp_sample",
    "ecolor",
    "eframe",
    "egui",
    "egui-wgpu",
    "egui-winit",
    "egui_extras",
    "egui_glow",
    "egui_kittest",
    "ehttp",
    "emath",
    "enum-map",
    "enum-map-derive",
    "epaint",
    "epaint_default_fonts",
    "gl_generator",
    "khronos_api",
    "profiling",
    "spirv"
  ]
}
