{
  "children": [
    {
      "parent": 45896,
      "name": "ffmpeg.exe",
      "pid": 72228,
      "created": "2026-09-08T17:35:02.575181-04:00"
    },
    {
      "parent": 45896,
      "name": "ffmpeg.exe",
      "pid": 76288,
      "created": "2026-09-08T17:35:02.566412-04:00"
    },
    {
      "parent": 45896,
      "name": "ffmpeg.exe",
      "pid": 75040,
      "created": "2026-09-08T17:35:02.571078-04:00"
    }
  ],
  "outputs": [
    null
  ],
  "elapsed_s": 1.3574389,
  "app_pid": 45896,
  "remaining": [
    null
  ],
  "script_ok": true
}
