paso 1: Log { text: "E2 escenario 1: editor sin ML — dos videos + PNG con alfa + dos audios; componer, cortar fuera de keyframe, mover, undo/redo, guardar/reabrir, exportar en dos resoluciones y comparar visor/salida" }
E2 escenario 1: editor sin ML — dos videos + PNG con alfa + dos audios; componer, cortar fuera de keyframe, mover, undo/redo, guardar/reabrir, exportar en dos resoluciones y comparar visor/salida
paso 2: Wait { ms: 500 }
paso 3: Import { path: "C:/Users/gabri/Todo/transcriber-v2/tests/fixtures/media/fixture-a.mp4" }
paso 4: Import { path: "C:/Users/gabri/Todo/transcriber-v2/tests/fixtures/media/fixture-b.mp4" }
  toast: Info: Importado fixture-a.mp4: video · 640×360 · 30.000 fps · h264 · 1 pista(s) de audio 48000 Hz 1 can. · 00:00:12.000
paso 5: Import { path: "C:/Users/gabri/Todo/transcriber-v2/tests/fixtures/media/overlay-alpha.png" }
  toast: Info: Importado fixture-b.mp4: video · 640×360 · 30.000 fps · h264 · 1 pista(s) de audio 48000 Hz 1 can. · 00:00:08.000
paso 6: Import { path: "C:/Users/gabri/Todo/transcriber-v2/tests/fixtures/media/tone-220.wav" }
  toast: Info: Importado overlay-alpha.png: imagen · 320×180 · png
paso 7: Insert { asset: 0, at: Some(0.0) }
  toast: Info: Insertado en 00:00:00.000
paso 8: Insert { asset: 1, at: Some(3.0) }
  toast: Info: Insertado en 00:00:03.000
paso 9: Log { text: "fixture-b (8 s) en 3 s: colisiona con V1/A1 → pistas V2/A2 nuevas" }
fixture-b (8 s) en 3 s: colisiona con V1/A1 → pistas V2/A2 nuevas
  toast: Info: Insertado en 00:00:03.000
paso 10: Assert { markers: None, clips: Some(4), layers: None, items: None, revision: None, playing: None, rate: None, position: None, tracks: Some(4) }
assert OK (clips 4, capas 0, items 0, rev 6, pos 0.000, rate 1, playing false)
  toast: Info: Insertado en 00:00:03.000
paso 11: Insert { asset: 2, at: Some(1.0) }
  toast: Info: Insertado en 00:00:01.000
paso 12: Insert { asset: 3, at: Some(0.0) }
  toast: Info: Insertado en 00:00:00.000
paso 13: Assert { markers: None, clips: Some(6), layers: None, items: None, revision: None, playing: None, rate: None, position: None, tracks: Some(6) }
assert OK (clips 6, capas 0, items 0, rev 8, pos 0.000, rate 1, playing false)
  toast: Info: Insertado en 00:00:00.000
paso 14: Action { id: "view.fit" }
  toast: Info: Insertado en 00:00:00.000
paso 15: ClipProps { clip: 4, scale: Some(0.45), x: Some(0.25), y: Some(-0.2), opacity: None, gain_db: None }
  toast: Info: Insertado en 00:00:00.000
paso 16: Log { text: "fixture-b como PiP (escala 0,45 arriba a la derecha) sobre fixture-a; overlay PNG 1–6 s; tono 220 Hz mezclado en A3" }
fixture-b como PiP (escala 0,45 arriba a la derecha) sobre fixture-a; overlay PNG 1–6 s; tono 220 Hz mezclado en A3
  toast: Info: Insertado en 00:00:00.000
paso 17: TrackProps { track: "A3", muted: None, solo: None, visible: None, gain_db: Some(-12.0) }
  toast: Info: Insertado en 00:00:00.000
paso 18: Seek { t: 4.0 }
  toast: Info: Insertado en 00:00:00.000
paso 19: WaitFrame { ms: 2000 }
  toast: Info: Insertado en 00:00:00.000
fotograma presentado: seq 9 (posición 00:00:04.000)
paso 20: Wait { ms: 300 }
  toast: Info: Insertado en 00:00:00.000
paso 21: SaveFrame { path: "C:/Users/gabri/Todo/transcriber-v2/implementation/evidence/local/prepared-20260930-133827-995706/viewer-4000ms.png" }
fotograma del visor (00:00:04.000) guardado en C:/Users/gabri/Todo/transcriber-v2/implementation/evidence/local/prepared-20260930-133827-995706/viewer-4000ms.png
  toast: Info: Insertado en 00:00:00.000
paso 22: Screenshot { path: "C:/Users/gabri/Todo/transcriber-v2/implementation/evidence/local/prepared-20260930-133827-995706/01-composicion-4000ms.png" }
  toast: Info: Insertado en 00:00:00.000
captura guardada en C:/Users/gabri/Todo/transcriber-v2/implementation/evidence/local/prepared-20260930-133827-995706/01-composicion-4000ms.png (1440×900)
paso 23: Seek { t: 5.0 }
  toast: Info: Insertado en 00:00:00.000
paso 24: WaitFrame { ms: 2000 }
  toast: Info: Insertado en 00:00:00.000
fotograma presentado: seq 10 (posición 00:00:05.000)
paso 25: SelectClip { index: 4 }
  toast: Info: Insertado en 00:00:00.000
paso 26: Log { text: "índices ordenados por (posición, pista): 0 V1 a, 1 A1 a, 2 A3 wav, 3 V3 png, 4 V2 b, 5 A2 b" }
índices ordenados por (posición, pista): 0 V1 a, 1 A1 a, 2 A3 wav, 3 V3 png, 4 V2 b, 5 A2 b
  toast: Info: Insertado en 00:00:00.000
paso 27: Split
  toast: Info: Insertado en 00:00:00.000
paso 28: Log { text: "corte de fixture-b (video+audio enlazados) en secuencia 5 s = fuente 2 s (keyframe); segundo corte en 5,5 s = fuente 2,5 s, fuera de keyframe (GOP 2 s)" }
corte de fixture-b (video+audio enlazados) en secuencia 5 s = fuente 2 s (keyframe); segundo corte en 5,5 s = fuente 2,5 s, fuera de keyframe (GOP 2 s)
  toast: Info: Insertado en 00:00:00.000
paso 29: Assert { markers: None, clips: Some(8), layers: None, items: None, revision: None, playing: None, rate: None, position: None, tracks: None }
assert OK (clips 8, capas 0, items 0, rev 11, pos 5.000, rate 1, playing false)
  toast: Info: Insertado en 00:00:00.000
paso 30: Seek { t: 5.5 }
  toast: Info: Insertado en 00:00:00.000
paso 31: WaitFrame { ms: 2000 }
  toast: Info: Insertado en 00:00:00.000
fotograma presentado: seq 11 (posición 00:00:05.500)
paso 32: SelectClip { index: 6 }
  toast: Info: Insertado en 00:00:00.000
paso 33: Split
  toast: Info: Insertado en 00:00:00.000
paso 34: Assert { markers: None, clips: Some(10), layers: None, items: None, revision: None, playing: None, rate: None, position: None, tracks: None }
assert OK (clips 10, capas 0, items 0, rev 12, pos 5.500, rate 1, playing false)
  toast: Info: Insertado en 00:00:00.000
paso 35: SelectClip { index: 6 }
  toast: Info: Insertado en 00:00:00.000
paso 36: Action { id: "edit.delete" }
  toast: Info: Insertado en 00:00:00.000
paso 37: Log { text: "borrado sin ripple del tramo 5,0–5,5 s de fixture-b (video+audio enlazados): queda un hueco en V2/A2" }
borrado sin ripple del tramo 5,0–5,5 s de fixture-b (video+audio enlazados): queda un hueco en V2/A2
  toast: Info: Insertado en 00:00:00.000
paso 38: Assert { markers: None, clips: Some(8), layers: None, items: None, revision: None, playing: None, rate: None, position: None, tracks: None }
assert OK (clips 8, capas 0, items 0, rev 13, pos 5.500, rate 1, playing false)
  toast: Info: Insertado en 00:00:00.000
paso 39: Undo
  toast: Info: Deshacer Eliminar clip
paso 40: Assert { markers: None, clips: Some(10), layers: None, items: None, revision: None, playing: None, rate: None, position: None, tracks: None }
assert OK (clips 10, capas 0, items 0, rev 14, pos 5.500, rate 1, playing false)
  toast: Info: Deshacer Eliminar clip
paso 41: Redo
  toast: Info: Rehacer Eliminar clip
paso 42: Assert { markers: None, clips: Some(8), layers: None, items: None, revision: None, playing: None, rate: None, position: None, tracks: None }
assert OK (clips 8, capas 0, items 0, rev 15, pos 5.500, rate 1, playing false)
  toast: Info: Rehacer Eliminar clip
paso 43: Seek { t: 7.0 }
  toast: Info: Rehacer Eliminar clip
paso 44: WaitFrame { ms: 2000 }
  toast: Info: Rehacer Eliminar clip
fotograma presentado: seq 12 (posición 00:00:07.000)
paso 45: Wait { ms: 300 }
  toast: Info: Rehacer Eliminar clip
paso 46: SaveFrame { path: "C:/Users/gabri/Todo/transcriber-v2/implementation/evidence/local/prepared-20260930-133827-995706/viewer-7000ms.png" }
fotograma del visor (00:00:07.000) guardado en C:/Users/gabri/Todo/transcriber-v2/implementation/evidence/local/prepared-20260930-133827-995706/viewer-7000ms.png
  toast: Info: Rehacer Eliminar clip
paso 47: Screenshot { path: "C:/Users/gabri/Todo/transcriber-v2/implementation/evidence/local/prepared-20260930-133827-995706/02-tras-corte-7000ms.png" }
  toast: Info: Rehacer Eliminar clip
captura guardada en C:/Users/gabri/Todo/transcriber-v2/implementation/evidence/local/prepared-20260930-133827-995706/02-tras-corte-7000ms.png (1440×900)
paso 48: Seek { t: 5.2 }
  toast: Info: Rehacer Eliminar clip
paso 49: WaitFrame { ms: 2000 }
  toast: Info: Rehacer Eliminar clip
fotograma presentado: seq 13 (posición 00:00:05.200)
paso 50: Wait { ms: 300 }
  toast: Info: Rehacer Eliminar clip
paso 51: SaveFrame { path: "C:/Users/gabri/Todo/transcriber-v2/implementation/evidence/local/prepared-20260930-133827-995706/viewer-5200ms.png" }
fotograma del visor (00:00:05.200) guardado en C:/Users/gabri/Todo/transcriber-v2/implementation/evidence/local/prepared-20260930-133827-995706/viewer-5200ms.png
  toast: Info: Rehacer Eliminar clip
paso 52: Screenshot { path: "C:/Users/gabri/Todo/transcriber-v2/implementation/evidence/local/prepared-20260930-133827-995706/03-hueco-5200ms.png" }
  toast: Info: Rehacer Eliminar clip
captura guardada en C:/Users/gabri/Todo/transcriber-v2/implementation/evidence/local/prepared-20260930-133827-995706/03-hueco-5200ms.png (1440×900)
paso 53: Dump { path: "C:/Users/gabri/Todo/transcriber-v2/implementation/evidence/local/prepared-20260930-133827-995706/03-estado.json" }
estado volcado en C:/Users/gabri/Todo/transcriber-v2/implementation/evidence/local/prepared-20260930-133827-995706/03-estado.json
  toast: Info: Rehacer Eliminar clip
paso 54: Save { path: "C:/Users/gabri/Todo/transcriber-v2/implementation/evidence/local/prepared-20260930-133827-995706/escenario1.transcriptor" }
  toast: Info: Rehacer Eliminar clip
paso 55: NewProject
  toast: Info: Proyecto nuevo
paso 56: Open { path: "C:/Users/gabri/Todo/transcriber-v2/implementation/evidence/local/prepared-20260930-133827-995706/escenario1.transcriptor/project.json" }
  toast: Info: Proyecto nuevo
paso 57: Assert { markers: None, clips: Some(8), layers: None, items: None, revision: None, playing: None, rate: None, position: None, tracks: Some(6) }
assert OK (clips 8, capas 0, items 0, rev 15, pos 5.200, rate 1, playing false)
  toast: Info: Proyecto «Sin título» abierto (revisión 15)
paso 58: Export { preset: "h264-720p", dest: "C:/Users/gabri/Todo/transcriber-v2/implementation/evidence/local/prepared-20260930-133827-995706/escenario1-720p.mp4", range: false, selection: None }
  toast: Info: Exportación añadida a la cola (revisión congelada)
paso 59: WaitExport { ms: 120000 }
  toast: Info: Exportación añadida a la cola (revisión congelada)
export OK: C:/Users/gabri/Todo/transcriber-v2/implementation/evidence/local/prepared-20260930-133827-995706/escenario1-720p.mp4 · 00:00:12.000 · 360 frames · sha256 c3aae4c4a946b024810c46e4a5529071bf586bda330609dbc926f3ddc49940dd
paso 60: Export { preset: "h264-1080p", dest: "C:/Users/gabri/Todo/transcriber-v2/implementation/evidence/local/prepared-20260930-133827-995706/escenario1-1080p.mp4", range: false, selection: None }
  toast: Info: Exportación añadida a la cola (revisión congelada)
paso 61: WaitExport { ms: 120000 }
  toast: Info: Exportación añadida a la cola (revisión congelada)
export OK: C:/Users/gabri/Todo/transcriber-v2/implementation/evidence/local/prepared-20260930-133827-995706/escenario1-1080p.mp4 · 00:00:12.000 · 360 frames · sha256 81641fc1e2614c6560fdaaf1c4cda5bb923c56b6f512aef4162e7f02a6bab4cb
paso 62: Export { preset: "h264-vertical", dest: "C:/Users/gabri/Todo/transcriber-v2/implementation/evidence/local/prepared-20260930-133827-995706/escenario1-vertical.mp4", range: false, selection: None }
  toast: Info: Exportación añadida a la cola (revisión congelada)
paso 63: WaitExport { ms: 120000 }
  toast: Info: Exportación añadida a la cola (revisión congelada)
export OK: C:/Users/gabri/Todo/transcriber-v2/implementation/evidence/local/prepared-20260930-133827-995706/escenario1-vertical.mp4 · 00:00:12.000 · 360 frames · sha256 b39bb3d9c2ffa56182f448c93f3c1b1bffe93622d9846ba558c64355480917f3
paso 64: Export { preset: "wav-pcm", dest: "C:/Users/gabri/Todo/transcriber-v2/implementation/evidence/local/prepared-20260930-133827-995706/escenario1-audio.wav", range: false, selection: None }
  toast: Info: Exportación añadida a la cola (revisión congelada)
paso 65: WaitExport { ms: 120000 }
  toast: Info: Exportación añadida a la cola (revisión congelada)
export OK: C:/Users/gabri/Todo/transcriber-v2/implementation/evidence/local/prepared-20260930-133827-995706/escenario1-audio.wav · 00:00:12.000 · 0 frames · sha256 ccd79da86e093598b0c51024a55df0e9fcaddd45486bd6d6afd2fad6e120842f
paso 66: SetIn { t: 2.0 }
  toast: Info: Exportado C:/Users/gabri/Todo/transcriber-v2/implementation/evidence/local/prepared-20260930-133827-995706/escenario1-audio.wav (00:00:12.000, 0 fotogramas, 0.5 s)
paso 67: SetOut { t: 4.0 }
  toast: Info: Exportado C:/Users/gabri/Todo/transcriber-v2/implementation/evidence/local/prepared-20260930-133827-995706/escenario1-audio.wav (00:00:12.000, 0 fotogramas, 0.5 s)
paso 68: Export { preset: "h264-720p", dest: "C:/Users/gabri/Todo/transcriber-v2/implementation/evidence/local/prepared-20260930-133827-995706/escenario1-inout-720p.mp4", range: true, selection: None }
  toast: Info: Exportación añadida a la cola (revisión congelada)
paso 69: WaitExport { ms: 120000 }
  toast: Info: Exportación añadida a la cola (revisión congelada)
export OK: C:/Users/gabri/Todo/transcriber-v2/implementation/evidence/local/prepared-20260930-133827-995706/escenario1-inout-720p.mp4 · 00:00:02.000 · 60 frames · sha256 5b0cdd4b19b55583379a64660060116c204ce4d951bf1f18879171695e4bf0e0
paso 70: Screenshot { path: "C:/Users/gabri/Todo/transcriber-v2/implementation/evidence/local/prepared-20260930-133827-995706/04-exportado.png" }
  toast: Info: Exportado C:/Users/gabri/Todo/transcriber-v2/implementation/evidence/local/prepared-20260930-133827-995706/escenario1-inout-720p.mp4 (00:00:02.000, 60 fotogramas, 1.6 s)
captura guardada en C:/Users/gabri/Todo/transcriber-v2/implementation/evidence/local/prepared-20260930-133827-995706/04-exportado.png (1440×900)
paso 71: Dump { path: "C:/Users/gabri/Todo/transcriber-v2/implementation/evidence/local/prepared-20260930-133827-995706/04-estado-final.json" }
estado volcado en C:/Users/gabri/Todo/transcriber-v2/implementation/evidence/local/prepared-20260930-133827-995706/04-estado-final.json
  toast: Info: Exportado C:/Users/gabri/Todo/transcriber-v2/implementation/evidence/local/prepared-20260930-133827-995706/escenario1-inout-720p.mp4 (00:00:02.000, 60 fotogramas, 1.6 s)
paso 72: Quit
quit; fallos=false
  toast: Info: Exportado C:/Users/gabri/Todo/transcriber-v2/implementation/evidence/local/prepared-20260930-133827-995706/escenario1-inout-720p.mp4 (00:00:02.000, 60 fotogramas, 1.6 s)
guion terminado; fallos=false
