paso 1: Log { text: "E2 transporte: velocidades 1×/2×/3×/4×/8×, pausa, seek, frame step, loop IN/OUT y política de audio" }
E2 transporte: velocidades 1×/2×/3×/4×/8×, pausa, seek, frame step, loop IN/OUT y política de audio
paso 2: Wait { ms: 500 }
paso 3: Import { path: "C:/Users/gabri/Todo/transcriber-v2/tests/fixtures/media/fixture-a.mp4" }
paso 4: Insert { asset: 0, at: Some(0.0) }
  toast: Info: Insertado en 00:00:00.000
paso 5: Action { id: "view.fit" }
  toast: Info: Insertado en 00:00:00.000
paso 6: Seek { t: 0.0 }
  toast: Info: Insertado en 00:00:00.000
paso 7: WaitFrame { ms: 2000 }
  toast: Info: Insertado en 00:00:00.000
fotograma presentado: seq 1 (posición 00:00:00.000)
paso 8: Play
  toast: Info: Insertado en 00:00:00.000
paso 9: Wait { ms: 1500 }
  toast: Info: Insertado en 00:00:00.000
paso 10: Assert { markers: None, clips: None, layers: None, items: None, revision: None, playing: Some(true), rate: Some(1.0), position: Some([1.2, 1.9]), tracks: None }
assert OK (clips 2, capas 0, items 0, rev 2, pos 1.420, rate 1, playing true)
  toast: Info: Insertado en 00:00:00.000
paso 11: Rate { value: 3.0 }
  toast: Info: ×3 · audio acelerado con tono preservado (atempo)
paso 12: Wait { ms: 1000 }
  toast: Info: ×3 · audio acelerado con tono preservado (atempo)
paso 13: Assert { markers: None, clips: None, layers: None, items: None, revision: None, playing: Some(true), rate: Some(3.0), position: Some([3.8, 5.5]), tracks: None }
assert OK (clips 2, capas 0, items 0, rev 2, pos 3.940, rate 3, playing true)
  toast: Info: ×3 · audio acelerado con tono preservado (atempo)
paso 14: Rate { value: 4.0 }
  toast: Info: ×4 · audio acelerado con tono preservado (atempo)
paso 15: Wait { ms: 1000 }
  toast: Info: ×4 · audio acelerado con tono preservado (atempo)
paso 16: Assert { markers: None, clips: None, layers: None, items: None, revision: None, playing: Some(true), rate: Some(4.0), position: Some([7.5, 10.0]), tracks: None }
ASSERT position: esperado [7.5, 10], real 7.400
  toast: Info: ×4 · audio acelerado con tono preservado (atempo)
paso 17: Pause
  toast: Info: ×4 · audio acelerado con tono preservado (atempo)
paso 18: Wait { ms: 200 }
  toast: Info: ×4 · audio acelerado con tono preservado (atempo)
paso 19: Assert { markers: None, clips: None, layers: None, items: None, revision: None, playing: Some(false), rate: None, position: None, tracks: None }
assert OK (clips 2, capas 0, items 0, rev 2, pos 7.433, rate 4, playing false)
  toast: Info: ×4 · audio acelerado con tono preservado (atempo)
paso 20: Dump { path: "C:/Users/gabri/Todo/transcriber-v2/implementation/evidence/local/prepared-20260930-140856-289182/transporte-01-pausa-tras-4x.json" }
estado volcado en C:/Users/gabri/Todo/transcriber-v2/implementation/evidence/local/prepared-20260930-140856-289182/transporte-01-pausa-tras-4x.json
  toast: Info: ×4 · audio acelerado con tono preservado (atempo)
paso 21: Seek { t: 1.0 }
  toast: Info: ×4 · audio acelerado con tono preservado (atempo)
paso 22: WaitFrame { ms: 2000 }
  toast: Info: ×4 · audio acelerado con tono preservado (atempo)
fotograma presentado: seq 171 (posición 00:00:01.000)
paso 23: Action { id: "transport.skim" }
  toast: Info: ×8 · skim de fotogramas clave · sin audio
paso 24: Wait { ms: 800 }
  toast: Info: ×8 · skim de fotogramas clave · sin audio
paso 25: Assert { markers: None, clips: None, layers: None, items: None, revision: None, playing: Some(true), rate: Some(8.0), position: Some([6.0, 8.5]), tracks: None }
assert OK (clips 2, capas 0, items 0, rev 2, pos 7.248, rate 8, playing true)
  toast: Info: ×8 · skim de fotogramas clave · sin audio
paso 26: Screenshot { path: "C:/Users/gabri/Todo/transcriber-v2/implementation/evidence/local/prepared-20260930-140856-289182/transporte-02-skim-8x.png" }
  toast: Info: ×8 · skim de fotogramas clave · sin audio
captura guardada en C:/Users/gabri/Todo/transcriber-v2/implementation/evidence/local/prepared-20260930-140856-289182/transporte-02-skim-8x.png (1440×900)
paso 27: Pause
  toast: Info: ×8 · skim de fotogramas clave · sin audio
paso 28: Rate { value: 1.0 }
  toast: Info: ×1 · audio normal
paso 29: Seek { t: 2.0 }
  toast: Info: ×1 · audio normal
paso 30: WaitFrame { ms: 2000 }
  toast: Info: ×1 · audio normal
fotograma presentado: seq 237 (posición 00:00:02.000)
paso 31: AdvanceFrames { frames: 1 }
  toast: Info: ×1 · audio normal
paso 32: Wait { ms: 400 }
  toast: Info: ×1 · audio normal
paso 33: Assert { markers: None, clips: None, layers: None, items: None, revision: None, playing: Some(false), rate: None, position: Some([2.0333, 2.0334]), tracks: None }
assert OK (clips 2, capas 0, items 0, rev 2, pos 2.033, rate 1, playing false)
  toast: Info: ×1 · audio normal
paso 34: AdvanceFrames { frames: -10 }
  toast: Info: ×1 · audio normal
paso 35: Wait { ms: 400 }
  toast: Info: ×1 · audio normal
paso 36: Assert { markers: None, clips: None, layers: None, items: None, revision: None, playing: Some(false), rate: None, position: Some([1.6999, 1.7001]), tracks: None }
ASSERT position: esperado [1.6999, 1.7001], real 2.033
  toast: Info: ×1 · audio normal
paso 37: Dump { path: "C:/Users/gabri/Todo/transcriber-v2/implementation/evidence/local/prepared-20260930-140856-289182/transporte-03-frame-step.json" }
estado volcado en C:/Users/gabri/Todo/transcriber-v2/implementation/evidence/local/prepared-20260930-140856-289182/transporte-03-frame-step.json
  toast: Info: ×1 · audio normal
paso 38: SetLoop { start: 2.0, end: 3.0 }
  toast: Info: ×1 · audio normal
paso 39: Seek { t: 2.0 }
  toast: Info: ×1 · audio normal
paso 40: WaitFrame { ms: 2000 }
  toast: Info: ×1 · audio normal
fotograma presentado: seq 239 (posición 00:00:02.000)
paso 41: Play
  toast: Info: ×1 · audio normal
paso 42: Wait { ms: 2500 }
  toast: Info: ×1 · audio normal
paso 43: Assert { markers: None, clips: None, layers: None, items: None, revision: None, playing: Some(true), rate: None, position: Some([2.0, 3.05]), tracks: None }
assert OK (clips 2, capas 0, items 0, rev 2, pos 2.720, rate 1, playing true)
paso 44: Wait { ms: 1200 }
paso 45: Assert { markers: None, clips: None, layers: None, items: None, revision: None, playing: Some(true), rate: None, position: Some([2.0, 3.05]), tracks: None }
assert OK (clips 2, capas 0, items 0, rev 2, pos 2.690, rate 1, playing true)
paso 46: Screenshot { path: "C:/Users/gabri/Todo/transcriber-v2/implementation/evidence/local/prepared-20260930-140856-289182/transporte-04-loop.png" }
captura guardada en C:/Users/gabri/Todo/transcriber-v2/implementation/evidence/local/prepared-20260930-140856-289182/transporte-04-loop.png (1440×900)
paso 47: Pause
paso 48: ClearLoop
paso 49: Seek { t: 11.5 }
paso 50: WaitFrame { ms: 2000 }
fotograma presentado: seq 320 (posición 00:00:11.500)
paso 51: Play
paso 52: Wait { ms: 1200 }
paso 53: Assert { markers: None, clips: None, layers: None, items: None, revision: None, playing: Some(false), rate: None, position: Some([11.9, 12.0]), tracks: None }
assert OK (clips 2, capas 0, items 0, rev 2, pos 12.000, rate 1, playing false)
paso 54: Log { text: "al llegar al final la reproducción se detiene en la duración de la secuencia" }
al llegar al final la reproducción se detiene en la duración de la secuencia
paso 55: Dump { path: "C:/Users/gabri/Todo/transcriber-v2/implementation/evidence/local/prepared-20260930-140856-289182/transporte-05-final.json" }
estado volcado en C:/Users/gabri/Todo/transcriber-v2/implementation/evidence/local/prepared-20260930-140856-289182/transporte-05-final.json
paso 56: Quit
quit; fallos=true
guion terminado; fallos=true
